Component: Arm Compiler for Embedded 6.22 Tool: armlink [5ee90200]

==============================================================================

Section Cross References

    system_apm32f00x.o(.ARM.exidx.text.SystemInit) refers to system_apm32f00x.o(.text.SystemInit) for [Anonymous Symbol]
    startup_apm32f00x.o(STACK) refers (Special) to heapauxi.o(.text) for __use_two_region_memory
    startup_apm32f00x.o(HEAP) refers (Special) to heapauxi.o(.text) for __use_two_region_memory
    startup_apm32f00x.o(RESET) refers (Special) to heapauxi.o(.text) for __use_two_region_memory
    startup_apm32f00x.o(RESET) refers to startup_apm32f00x.o(STACK) for __initial_sp
    startup_apm32f00x.o(RESET) refers to startup_apm32f00x.o(.text) for Reset_Handler
    startup_apm32f00x.o(RESET) refers to apm32f00x_int.o(.text.NMI_Handler) for NMI_Handler
    startup_apm32f00x.o(RESET) refers to apm32f00x_int.o(.text.HardFault_Handler) for HardFault_Handler
    startup_apm32f00x.o(RESET) refers to apm32f00x_int.o(.text.SVC_Handler) for SVC_Handler
    startup_apm32f00x.o(RESET) refers to apm32f00x_int.o(.text.PendSV_Handler) for PendSV_Handler
    startup_apm32f00x.o(RESET) refers to apm32f00x_int.o(.text.SysTick_Handler) for SysTick_Handler
    startup_apm32f00x.o(RESET) refers to apm32f00x_int.o(.text.EINTC_IRQHandler) for EINTC_IRQHandler
    startup_apm32f00x.o(RESET) refers to apm32f00x_int.o(.text.ADC_IRQHandler) for ADC_IRQHandler
    startup_apm32f00x.o(RESET) refers to apm32f00x_int.o(.text.TMR4_IRQHandler) for TMR4_IRQHandler
    startup_apm32f00x.o(.text) refers (Special) to heapauxi.o(.text) for __use_two_region_memory
    startup_apm32f00x.o(.text) refers to startup_apm32f00x.o(STACK) for __initial_sp
    startup_apm32f00x.o(.text) refers to system_apm32f00x.o(.text.SystemInit) for SystemInit
    startup_apm32f00x.o(.text) refers to __main.o(!!!main) for __main
    startup_apm32f00x.o(.text) refers to startup_apm32f00x.o(HEAP) for Heap_Mem
    apm32f00x_gpio.o(.ARM.exidx.text.GPIO_Reset) refers to apm32f00x_gpio.o(.text.GPIO_Reset) for [Anonymous Symbol]
    apm32f00x_gpio.o(.ARM.exidx.text.GPIO_Config) refers to apm32f00x_gpio.o(.text.GPIO_Config) for [Anonymous Symbol]
    apm32f00x_gpio.o(.ARM.exidx.text.GPIO_ConfigStructInit) refers to apm32f00x_gpio.o(.text.GPIO_ConfigStructInit) for [Anonymous Symbol]
    apm32f00x_gpio.o(.ARM.exidx.text.GPIO_WriteOutputPort) refers to apm32f00x_gpio.o(.text.GPIO_WriteOutputPort) for [Anonymous Symbol]
    apm32f00x_gpio.o(.ARM.exidx.text.GPIO_SetBit) refers to apm32f00x_gpio.o(.text.GPIO_SetBit) for [Anonymous Symbol]
    apm32f00x_gpio.o(.ARM.exidx.text.GPIO_ClearBit) refers to apm32f00x_gpio.o(.text.GPIO_ClearBit) for [Anonymous Symbol]
    apm32f00x_gpio.o(.ARM.exidx.text.GPIO_ReadOutputPort) refers to apm32f00x_gpio.o(.text.GPIO_ReadOutputPort) for [Anonymous Symbol]
    apm32f00x_gpio.o(.ARM.exidx.text.GPIO_ReadInputPort) refers to apm32f00x_gpio.o(.text.GPIO_ReadInputPort) for [Anonymous Symbol]
    apm32f00x_gpio.o(.ARM.exidx.text.GPIO_ReadInputBit) refers to apm32f00x_gpio.o(.text.GPIO_ReadInputBit) for [Anonymous Symbol]
    apm32f00x_gpio.o(.ARM.exidx.text.GPIO_Toggle) refers to apm32f00x_gpio.o(.text.GPIO_Toggle) for [Anonymous Symbol]
    apm32f00x_gpio.o(.ARM.exidx.text.GPIO_EnableSWD) refers to apm32f00x_gpio.o(.text.GPIO_EnableSWD) for [Anonymous Symbol]
    apm32f00x_gpio.o(.ARM.exidx.text.GPIO_DisableSWD) refers to apm32f00x_gpio.o(.text.GPIO_DisableSWD) for [Anonymous Symbol]
    apm32f00x_eint.o(.ARM.exidx.text.EINT_Reset) refers to apm32f00x_eint.o(.text.EINT_Reset) for [Anonymous Symbol]
    apm32f00x_eint.o(.ARM.exidx.text.EINT_Config) refers to apm32f00x_eint.o(.text.EINT_Config) for [Anonymous Symbol]
    apm32f00x_eint.o(.ARM.exidx.text.EINT_ClearIntFlag) refers to apm32f00x_eint.o(.text.EINT_ClearIntFlag) for [Anonymous Symbol]
    apm32f00x_adc.o(.ARM.exidx.text.ADC_Reset) refers to apm32f00x_adc.o(.text.ADC_Reset) for [Anonymous Symbol]
    apm32f00x_adc.o(.ARM.exidx.text.ADC_Config) refers to apm32f00x_adc.o(.text.ADC_Config) for [Anonymous Symbol]
    apm32f00x_adc.o(.ARM.exidx.text.ADC_SetChannel) refers to apm32f00x_adc.o(.text.ADC_SetChannel) for [Anonymous Symbol]
    apm32f00x_adc.o(.ARM.exidx.text.ADC_ConfigStructInit) refers to apm32f00x_adc.o(.text.ADC_ConfigStructInit) for [Anonymous Symbol]
    apm32f00x_adc.o(.ARM.exidx.text.ADC_EnableDelay) refers to apm32f00x_adc.o(.text.ADC_EnableDelay) for [Anonymous Symbol]
    apm32f00x_adc.o(.ARM.exidx.text.ADC_DisableDelay) refers to apm32f00x_adc.o(.text.ADC_DisableDelay) for [Anonymous Symbol]
    apm32f00x_adc.o(.ARM.exidx.text.ADC_Enable) refers to apm32f00x_adc.o(.text.ADC_Enable) for [Anonymous Symbol]
    apm32f00x_adc.o(.ARM.exidx.text.ADC_Disable) refers to apm32f00x_adc.o(.text.ADC_Disable) for [Anonymous Symbol]
    apm32f00x_adc.o(.ARM.exidx.text.ADC_SetMode) refers to apm32f00x_adc.o(.text.ADC_SetMode) for [Anonymous Symbol]
[...]
    __arm_cp.13_41                           0x000027e4   Number         4  main.o(.text.TMR4Isr)
    __arm_cp.13_42                           0x000027e8   Number         4  main.o(.text.TMR4Isr)
    __arm_cp.13_43                           0x000027ec   Number         4  main.o(.text.TMR4Isr)
    __arm_cp.13_44                           0x000027f0   Number         4  main.o(.text.TMR4Isr)
    __arm_cp.13_45                           0x000027f4   Number         4  main.o(.text.TMR4Isr)
    __arm_cp.13_46                           0x000027f8   Number         4  main.o(.text.TMR4Isr)
    __arm_cp.13_47                           0x000027fc   Number         4  main.o(.text.TMR4Isr)
    __arm_cp.13_48                           0x00002800   Number         4  main.o(.text.TMR4Isr)
    __arm_cp.13_49                           0x00002804   Number         4  main.o(.text.TMR4Isr)
    __arm_cp.13_50                           0x00002808   Number         4  main.o(.text.TMR4Isr)
    __arm_cp.13_51                           0x0000280c   Number         4  main.o(.text.TMR4Isr)
    __arm_cp.13_52                           0x00002810   Number         4  main.o(.text.TMR4Isr)
    __arm_cp.13_53                           0x00002814   Number         4  main.o(.text.TMR4Isr)
    __arm_cp.13_54                           0x00002818   Number         4  main.o(.text.TMR4Isr)
    __arm_cp.13_55                           0x0000281c   Number         4  main.o(.text.TMR4Isr)
    __arm_cp.13_56                           0x00002820   Number         4  main.o(.text.TMR4Isr)
    __arm_cp.13_57                           0x00002824   Number         4  main.o(.text.TMR4Isr)
    __arm_cp.13_58                           0x00002828   Number         4  main.o(.text.TMR4Isr)
    __arm_cp.13_59                           0x0000282c   Number         4  main.o(.text.TMR4Isr)
    __arm_cp.13_60                           0x00002830   Number         4  main.o(.text.TMR4Isr)
    __arm_cp.13_61                           0x00002834   Number         4  main.o(.text.TMR4Isr)
    __arm_cp.13_62                           0x00002838   Number         4  main.o(.text.TMR4Isr)
    __arm_cp.13_63                           0x0000283c   Number         4  main.o(.text.TMR4Isr)
    __arm_cp.13_64                           0x00002840   Number         4  main.o(.text.TMR4Isr)
    __arm_cp.13_65                           0x00002844   Number         4  main.o(.text.TMR4Isr)
    __arm_cp.13_66                           0x00002848   Number         4  main.o(.text.TMR4Isr)
    __arm_cp.13_70                           0x0000284c   Number         4  main.o(.text.TMR4Isr)
    [Anonymous Symbol]                       0x00002850   Section        0  apm32f00x_tmr4.o(.text.TMR4_ClearIntFlag)
    __arm_cp.21_0                            0x0000285c   Number         4  apm32f00x_tmr4.o(.text.TMR4_ClearIntFlag)
    [Anonymous Symbol]                       0x00002860   Section        0  apm32f00x_tmr4.o(.text.TMR4_ConfigTimerBase)
    __arm_cp.1_0                             0x00002868   Number         4  apm32f00x_tmr4.o(.text.TMR4_ConfigTimerBase)
    [Anonymous Symbol]                       0x0000286c   Section        0  apm32f00x_tmr4.o(.text.TMR4_Enable)
    __arm_cp.2_0                             0x00002878   Number         4  apm32f00x_tmr4.o(.text.TMR4_Enable)
    [Anonymous Symbol]                       0x0000287c   Section        0  apm32f00x_tmr4.o(.text.TMR4_EnableInterrupt)
    [Anonymous Symbol]                       0x00002888   Section        0  apm32f00x_int.o(.text.TMR4_IRQHandler)
    [Anonymous Symbol]                       0x00002890   Section        0  apm32f00x_tmr4.o(.text.TMR4_ReadIntFlag)
    __arm_cp.20_0                            0x000028a4   Number         4  apm32f00x_tmr4.o(.text.TMR4_ReadIntFlag)
    [Anonymous Symbol]                       0x000028a8   Section        0  main.o(.text.Vk1621_Init)
    __arm_cp.4_1                             0x0000292c   Number         4  main.o(.text.Vk1621_Init)
    [Anonymous Symbol]                       0x00002930   Section        0  main.o(.text.WriteCommandVk1621)
    [Anonymous Symbol]                       0x00002ab8   Section        0  main.o(.text.WritenDataVk1621)
    __arm_cp.12_0                            0x00002c8c   Number         4  main.o(.text.WritenDataVk1621)
    __arm_cp.12_1                            0x00002c90   Number         4  main.o(.text.WritenDataVk1621)
    [Anonymous Symbol]                       0x00002c94   Section        0  main.o(.text.main)
    __arm_cp.1_156                           0x00002fbc   Number         4  main.o(.text.main)
    __arm_cp.1_161                           0x00002fd0   Number         4  main.o(.text.main)
    __arm_cp.1_162                           0x00002fd4   Number         4  main.o(.text.main)
    __arm_cp.1_174                           0x00003004   Number         4  main.o(.text.main)
    __arm_cp.1_183                           0x00003028   Number         4  main.o(.text.main)
    __arm_cp.1_184                           0x0000302c   Number         4  main.o(.text.main)
    __arm_cp.1_185                           0x00003030   Number         4  main.o(.text.main)
    __arm_cp.1_187                           0x00003038   Number         4  main.o(.text.main)
    __arm_cp.1_194                           0x00003450   Number         4  main.o(.text.main)
    __arm_cp.1_210                           0x00003490   Number         4  main.o(.text.main)
    __arm_cp.1_212                           0x00003498   Number         4  main.o(.text.main)
    __arm_cp.1_228                           0x000034d8   Number         4  main.o(.text.main)
    __arm_cp.1_246                           0x00003724   Number         4  main.o(.text.main)
    __arm_cp.1_247                           0x00003728   Number         4  main.o(.text.main)
    __arm_cp.1_248                           0x0000372c   Number         4  main.o(.text.main)
    __arm_cp.1_249                           0x00003730   Number         4  main.o(.text.main)
    __arm_cp.1_262                           0x00003764   Number         4  main.o(.text.main)
    __arm_cp.1_264                           0x0000376c   Number         4  main.o(.text.main)
    __arm_cp.1_265                           0x00003770   Number         4  main.o(.text.main)
    __arm_cp.1_273                           0x00003790   Number         4  main.o(.text.main)
    __arm_cp.1_275                           0x00003798   Number         4  main.o(.text.main)
    __arm_cp.1_277                           0x000037a0   Number         4  main.o(.text.main)
    __arm_cp.1_280                           0x000037ac   Number         4  main.o(.text.main)
    __arm_cp.1_281                           0x000037b0   Number         4  main.o(.text.main)
    __arm_cp.1_283                           0x000037b8   Number         4  main.o(.text.main)
    __arm_cp.1_284                           0x000037bc   Number         4  main.o(.text.main)
    __arm_cp.1_312                           0x0000382c   Number         4  main.o(.text.main)
    __arm_cp.1_313                           0x00003830   Number         4  main.o(.text.main)
    __arm_cp.1_314                           0x00003834   Number         4  main.o(.text.main)
    __arm_cp.1_317                           0x00003840   Number         4  main.o(.text.main)
    __arm_cp.1_324                           0x00003c58   Number         4  main.o(.text.main)
    __arm_cp.1_325                           0x00003c5c   Number         4  main.o(.text.main)
    __arm_cp.1_326                           0x00003c60   Number         4  main.o(.text.main)
    __arm_cp.1_327                           0x00003c64   Number         4  main.o(.text.main)
    __arm_cp.1_328                           0x00003c68   Number         4  main.o(.text.main)
    __arm_cp.1_334                           0x00003c80   Number         4  main.o(.text.main)
    __arm_cp.1_335                           0x00003c84   Number         4  main.o(.text.main)
    __arm_cp.1_336                           0x00003c88   Number         4  main.o(.text.main)
    __arm_cp.1_337                           0x00003c8c   Number         4  main.o(.text.main)
    __arm_cp.1_356                           0x00003cd8   Number         4  main.o(.text.main)
    __arm_cp.1_358                           0x00003ce0   Number         4  main.o(.text.main)
    __arm_cp.1_359                           0x00003ce4   Number         4  main.o(.text.main)
    __arm_cp.1_360                           0x00003ce8   Number         4  main.o(.text.main)
    __arm_cp.1_361                           0x00003cec   Number         4  main.o(.text.main)
    __arm_cp.1_362                           0x00003cf0   Number         4  main.o(.text.main)
    __arm_cp.1_363                           0x00003cf4   Number         4  main.o(.text.main)
    __arm_cp.1_364                           0x00003cf8   Number         4  main.o(.text.main)
    __arm_cp.1_370                           0x00003f88   Number         4  main.o(.text.main)
    __arm_cp.1_371                           0x00003f8c   Number         4  main.o(.text.main)
    __arm_cp.1_372                           0x00003f90   Number         4  main.o(.text.main)
    __arm_cp.1_373                           0x00003f94   Number         4  main.o(.text.main)
    __arm_cp.1_374                           0x00003f98   Number         4  main.o(.text.main)
    __arm_cp.1_375                           0x00003f9c   Number         4  main.o(.text.main)
    __arm_cp.1_376                           0x00003fa0   Number         4  main.o(.text.main)
    __arm_cp.1_377                           0x00003fa4   Number         4  main.o(.text.main)
    __arm_cp.1_378                           0x00003fa8   Number         4  main.o(.text.main)
    __arm_cp.1_379                           0x00003fac   Number         4  main.o(.text.main)
    __arm_cp.1_380                           0x00003fb0   Number         4  main.o(.text.main)
    __arm_cp.1_529                           0x00003fb4   Number         4  main.o(.text.main)
    __arm_cp.1_530                           0x0000426c   Number         4  main.o(.text.main)
    __arm_cp.1_383                           0x00004280   Number         4  main.o(.text.main)
    __arm_cp.1_384                           0x00004284   Number         4  main.o(.text.main)
    __arm_cp.1_386                           0x0000428c   Number         4  main.o(.text.main)
    __arm_cp.1_387                           0x00004290   Number         4  main.o(.text.main)
    __arm_cp.1_394                           0x000042ac   Number         4  main.o(.text.main)
    __arm_cp.1_395                           0x000042b0   Number         4  main.o(.text.main)
    __arm_cp.1_397                           0x000042b8   Number         4  main.o(.text.main)
    __arm_cp.1_399                           0x000042c0   Number         4  main.o(.text.main)
    __arm_cp.1_410                           0x000042ec   Number         4  main.o(.text.main)
    __arm_cp.1_415                           0x00004300   Number         4  main.o(.text.main)
    __arm_cp.1_416                           0x00004304   Number         4  main.o(.text.main)
    __arm_cp.1_417                           0x00004308   Number         4  main.o(.text.main)
    __arm_cp.1_418                           0x0000430c   Number         4  main.o(.text.main)
    __arm_cp.1_419                           0x00004310   Number         4  main.o(.text.main)
    __arm_cp.1_449                           0x00004388   Number         4  main.o(.text.main)
    __arm_cp.1_450                           0x0000438c   Number         4  main.o(.text.main)
    __arm_cp.1_451                           0x00004390   Number         4  main.o(.text.main)
    __arm_cp.1_452                           0x00004394   Number         4  main.o(.text.main)
    __arm_cp.1_458                           0x00004768   Number         4  main.o(.text.main)
    __arm_cp.1_459                           0x0000476c   Number         4  main.o(.text.main)
    __arm_cp.1_464                           0x00004780   Number         4  main.o(.text.main)
    __arm_cp.1_467                           0x0000478c   Number         4  main.o(.text.main)
    __arm_cp.1_468                           0x00004790   Number         4  main.o(.text.main)
    __arm_cp.1_470                           0x00004798   Number         4  main.o(.text.main)
    __arm_cp.1_471                           0x0000479c   Number         4  main.o(.text.main)
    __arm_cp.1_472                           0x000047a0   Number         4  main.o(.text.main)
    __arm_cp.1_473                           0x000047a4   Number         4  main.o(.text.main)
    __arm_cp.1_474                           0x000047a8   Number         4  main.o(.text.main)
    __arm_cp.1_475                           0x000047ac   Number         4  main.o(.text.main)
    __arm_cp.1_476                           0x000047b0   Number         4  main.o(.text.main)
    __arm_cp.1_478                           0x000047b8   Number         4  main.o(.text.main)
    __arm_cp.1_487                           0x000047dc   Number         4  main.o(.text.main)
    __arm_cp.1_488                           0x000047e0   Number         4  main.o(.text.main)
    __arm_cp.1_489                           0x000047e4   Number         4  main.o(.text.main)
    __arm_cp.1_536                           0x00004bf8   Number         4  main.o(.text.main)
    __arm_cp.1_495                           0x00004c00   Number         4  main.o(.text.main)
    __arm_cp.1_500                           0x00004c10   Number         4  main.o(.text.main)
    __arm_cp.1_501                           0x00004c14   Number         4  main.o(.text.main)
    __arm_cp.1_507                           0x00004c2c   Number         4  main.o(.text.main)
    __arm_cp.1_508                           0x00004c30   Number         4  main.o(.text.main)
    __arm_cp.1_518                           0x00004c58   Number         4  main.o(.text.main)
    __arm_cp.1_520                           0x00004c60   Number         4  main.o(.text.main)
    __arm_cp.1_531                           0x00004c68   Number         4  main.o(.text.main)
    __arm_cp.1_537                           0x00004c74   Number         4  main.o(.text.main)
    __arm_cp.1_526                           0x00004d48   Number         4  main.o(.text.main)
    __arm_cp.1_539                           0x00004d50   Number         4  main.o(.text.main)
    __arm_cp.1_0                             0x00004d58   Number         4  main.o(.text.main)
    __arm_cp.1_5                             0x00004d5c   Number         4  main.o(.text.main)
    __arm_cp.1_11                            0x00004d60   Number         4  main.o(.text.main)
    __arm_cp.1_12                            0x00004d64   Number         4  main.o(.text.main)
    __arm_cp.1_13                            0x00004d68   Number         4  main.o(.text.main)
    __arm_cp.1_14                            0x00004d6c   Number         4  main.o(.text.main)
    __arm_cp.1_15                            0x00004d70   Number         4  main.o(.text.main)
    __arm_cp.1_34                            0x00004d74   Number         4  main.o(.text.main)
    __arm_cp.1_35                            0x00004d78   Number         4  main.o(.text.main)
    __arm_cp.1_36                            0x00004d7c   Number         4  main.o(.text.main)
    __arm_cp.1_37                            0x00004d80   Number         4  main.o(.text.main)
    __arm_cp.1_39                            0x00004d84   Number         4  main.o(.text.main)
    __arm_cp.1_46                            0x00004d88   Number         4  main.o(.text.main)
    __arm_cp.1_48                            0x00004d8c   Number         4  main.o(.text.main)
    __arm_cp.1_50                            0x00004d90   Number         4  main.o(.text.main)
    __arm_cp.1_53                            0x00004d94   Number         4  main.o(.text.main)
    __arm_cp.1_89                            0x00004d98   Number         4  main.o(.text.main)
    __arm_cp.1_90                            0x00004d9c   Number         4  main.o(.text.main)
    __arm_cp.1_94                            0x00004da0   Number         4  main.o(.text.main)
    __arm_cp.1_95                            0x00004da4   Number         4  main.o(.text.main)
    __arm_cp.1_96                            0x00004da8   Number         4  main.o(.text.main)
    __arm_cp.1_97                            0x00004dac   Number         4  main.o(.text.main)
    __arm_cp.1_98                            0x00004db0   Number         4  main.o(.text.main)
    __arm_cp.1_99                            0x00004db4   Number         4  main.o(.text.main)
    __arm_cp.1_106                           0x00004db8   Number         4  main.o(.text.main)
    __arm_cp.1_108                           0x00004dbc   Number         4  main.o(.text.main)
    __arm_cp.1_110                           0x00004dc0   Number         4  main.o(.text.main)
    __arm_cp.1_112                           0x00004dc4   Number         4  main.o(.text.main)
    __arm_cp.1_114                           0x00004dc8   Number         4  main.o(.text.main)
    __arm_cp.1_115                           0x00004dcc   Number         4  main.o(.text.main)
    __arm_cp.1_121                           0x00004dd0   Number         4  main.o(.text.main)
    __arm_cp.1_122                           0x00004dd4   Number         4  main.o(.text.main)
    __arm_cp.1_123                           0x00004dd8   Number         4  main.o(.text.main)
    __arm_cp.1_124                           0x00004ddc   Number         4  main.o(.text.main)
    __arm_cp.1_125                           0x00004de0   Number         4  main.o(.text.main)
    __arm_cp.1_126                           0x00004de4   Number         4  main.o(.text.main)
    __arm_cp.1_127                           0x00004de8   Number         4  main.o(.text.main)
    __arm_cp.1_133                           0x00004dec   Number         4  main.o(.text.main)
    __arm_cp.1_134                           0x00004df0   Number         4  main.o(.text.main)
    __arm_cp.1_135                           0x00004df4   Number         4  main.o(.text.main)
    __arm_cp.1_136                           0x00004df8   Number         4  main.o(.text.main)
    __arm_cp.1_137                           0x00004dfc   Number         4  main.o(.text.main)
    __arm_cp.1_141                           0x00004e00   Number         4  main.o(.text.main)
    __arm_cp.1_142                           0x00004e04   Number         4  main.o(.text.main)
    __arm_cp.1_145                           0x00004e08   Number         4  main.o(.text.main)
    __arm_cp.1_146                           0x00004e0c   Number         4  main.o(.text.main)
    [Anonymous Symbol]                       0x00004e10   Section        0  main.o(.text.totalnumber)
    __arm_cp.7_40                            0x000054b4   Number         4  main.o(.text.totalnumber)
    __arm_cp.7_29                            0x00005528   Number         4  main.o(.text.totalnumber)
    __arm_cp.7_31                            0x00005530   Number         4  main.o(.text.totalnumber)
    __arm_cp.7_32                            0x00005534   Number         4  main.o(.text.totalnumber)
    __arm_cp.7_42                            0x0000592c   Number         4  main.o(.text.totalnumber)
    __arm_cp.7_36                            0x00005964   Number         4  main.o(.text.totalnumber)
    __arm_cp.7_1                             0x000059f0   Number         4  main.o(.text.totalnumber)
    __arm_cp.7_4                             0x000059f4   Number         4  main.o(.text.totalnumber)
    __arm_cp.7_7                             0x000059f8   Number         4  main.o(.text.totalnumber)
    __arm_cp.7_9                             0x000059fc   Number         4  main.o(.text.totalnumber)
    __arm_cp.7_10                            0x00005a00   Number         4  main.o(.text.totalnumber)
    .text_divfast                            0x00005a04   Section      502  aeabi_sdivfast.o(.text_divfast)
    x$fpl$fadd                               0x00005bfc   Section      140  faddsub.o(x$fpl$fadd)
    _fadd1                                   0x00005c09   Thumb Code     0  faddsub.o(x$fpl$fadd)
    x$fpl$fmul                               0x00005c88   Section      176  fmul.o(x$fpl$fmul)
    x$fpl$fsub                               0x00005d38   Section      208  faddsub.o(x$fpl$fsub)
    _fsub1                                   0x00005d45   Thumb Code     0  faddsub.o(x$fpl$fsub)
    ddiv_reciptbl                            0x00005e08   Data         128  ddiv.o(.constdata)
    .constdata                               0x00005e08   Section      128  ddiv.o(.constdata)
    x$fpl$usenofp                            0x00005e08   Section        0  usenofp.o(x$fpl$usenofp)
    fdiv_tab                                 0x00005e88   Data          64  fdiv.o(.constdata)
    .constdata                               0x00005e88   Section       64  fdiv.o(.constdata)
    [Anonymous Symbol]                       0x00005ec8   Section        0  main.o(.rodata..Lswitch.table.Screen_Water_Filling)
    [Anonymous Symbol]                       0x00005ef8   Section        0  main.o(.rodata..Lswitch.table.main.1)
    .bss                                     0x20000008   Section       96  libspace.o(.bss)
    Heap_Mem                                 0x20000140   Data         512  startup_apm32f00x.o(HEAP)
    HEAP                                     0x20000140   Section      512  startup_apm32f00x.o(HEAP)
    Stack_Mem                                0x20000340   Data        1024  startup_apm32f00x.o(STACK)
    STACK                                    0x20000340   Section     1024  startup_apm32f00x.o(STACK)
    __initial_sp                             0x20000740   Data           0  startup_apm32f00x.o(STACK)

    Global Symbols

    Symbol Name                              Value     Ov Type        Size  Object(Section)

    BuildAttributes$$THM_ISAv3M$S$PE$A:L22$X:L11$S22$IEEE1$IW$~IW$USESV6$~STKCKD$USESV7$~SHL$OTIME$ROPI$EBA8$UX$STANDARDLIB$REQ8$PRES8$EABIv2 0x00000000   Number         0  anon$$obj.o ABSOLUTE
    __Vectors                                0x00000000   Data           4  startup_apm32f00x.o(RESET)
    __ARM_exceptions_init                     - Undefined Weak Reference
    __alloca_initialize                       - Undefined Weak Reference
    __arm_preinit_                            - Undefined Weak Reference
    __arm_relocate_pie_                       - Undefined Weak Reference
    __cpp_initialize__aeabi_                  - Undefined Weak Reference
    __cxa_finalize                            - Undefined Weak Reference
    __rt_locale                               - Undefined Weak Reference
    __sigvec_lookup                           - Undefined Weak Reference
    _atexit_init                              - Undefined Weak Reference
    _call_atexit_fns                          - Undefined Weak Reference
    _clock_init                               - Undefined Weak Reference
    _fp_trap_init                             - Undefined Weak Reference
    _fp_trap_shutdown                         - Undefined Weak Reference
    _get_lc_collate                           - Undefined Weak Reference
    _get_lc_ctype                             - Undefined Weak Reference
    _get_lc_monetary                          - Undefined Weak Reference
    _get_lc_numeric                           - Undefined Weak Reference
    _get_lc_time                              - Undefined Weak Reference
    _getenv_init                              - Undefined Weak Reference
    _handle_redirection                       - Undefined Weak Reference
    _init_alloc                               - Undefined Weak Reference
    _init_user_alloc                          - Undefined Weak Reference
    _initio                                   - Undefined Weak Reference
    _rand_init                                - Undefined Weak Reference
    _signal_finish                            - Undefined Weak Reference
    _signal_init                              - Undefined Weak Reference
    _terminate_alloc                          - Undefined Weak Reference
    _terminate_user_alloc                     - Undefined Weak Reference
    _terminateio                              - Undefined Weak Reference
    __Vectors_End                            0x000000bc   Data           0  startup_apm32f00x.o(RESET)
    __Vectors_Size                           0x000000bc   Number         0  startup_apm32f00x.o ABSOLUTE
    __main                                   0x000000bd   Thumb Code     8  __main.o(!!!main)
    __scatterload                            0x000000c5   Thumb Code     0  __scatter.o(!!!scatter)
    __scatterload_rt2                        0x000000c5   Thumb Code    74  __scatter.o(!!!scatter)
    __scatterload_rt2_thumb_only             0x000000c5   Thumb Code     0  __scatter.o(!!!scatter)
    __scatterload_loop                       0x000000cf   Thumb Code     0  __scatter.o(!!!scatter)
    __scatterload_copy                       0x00000119   Thumb Code    26  __scatter_copy.o(!!handler_copy)
    __scatterload_null                       0x00000135   Thumb Code     2  __scatter.o(!!handler_null)
    __scatterload_zeroinit                   0x00000139   Thumb Code    28  __scatter_zi.o(!!handler_zi)
    __rt_lib_init                            0x00000155   Thumb Code     0  libinit.o(.ARM.Collect$$libinit$$00000000)
    __rt_lib_init_alloca_1                   0x00000157   Thumb Code     0  libinit2.o(.ARM.Collect$$libinit$$00000030)
    __rt_lib_init_argv_1                     0x00000157   Thumb Code     0  libinit2.o(.ARM.Collect$$libinit$$0000002E)
    __rt_lib_init_atexit_1                   0x00000157   Thumb Code     0  libinit2.o(.ARM.Collect$$libinit$$0000001D)
    __rt_lib_init_clock_1                    0x00000157   Thumb Code     0  libinit2.o(.ARM.Collect$$libinit$$00000023)
    __rt_lib_init_cpp_1                      0x00000157   Thumb Code     0  libinit2.o(.ARM.Collect$$libinit$$00000034)
    __rt_lib_init_exceptions_1               0x00000157   Thumb Code     0  libinit2.o(.ARM.Collect$$libinit$$00000032)
    __rt_lib_init_fp_1                       0x00000157   Thumb Code     0  libinit2.o(.ARM.Collect$$libinit$$00000002)
    __rt_lib_init_fp_trap_1                  0x00000157   Thumb Code     0  libinit2.o(.ARM.Collect$$libinit$$00000021)
    __rt_lib_init_getenv_1                   0x00000157   Thumb Code     0  libinit2.o(.ARM.Collect$$libinit$$00000025)
    __rt_lib_init_heap_1                     0x00000157   Thumb Code     0  libinit2.o(.ARM.Collect$$libinit$$0000000C)
    __rt_lib_init_lc_collate_1               0x00000157   Thumb Code     0  libinit2.o(.ARM.Collect$$libinit$$00000013)
    __rt_lib_init_lc_ctype_1                 0x00000157   Thumb Code     0  libinit2.o(.ARM.Collect$$libinit$$00000015)
    __rt_lib_init_lc_monetary_1              0x00000157   Thumb Code     0  libinit2.o(.ARM.Collect$$libinit$$00000017)
    __rt_lib_init_lc_numeric_1               0x00000157   Thumb Code     0  libinit2.o(.ARM.Collect$$libinit$$00000019)
    __rt_lib_init_lc_time_1                  0x00000157   Thumb Code     0  libinit2.o(.ARM.Collect$$libinit$$0000001B)
    __rt_lib_init_preinit_1                  0x00000157   Thumb Code     0  libinit2.o(.ARM.Collect$$libinit$$00000006)
    __rt_lib_init_rand_1                     0x00000157   Thumb Code     0  libinit2.o(.ARM.Collect$$libinit$$00000010)
    __rt_lib_init_relocate_pie_1             0x00000157   Thumb Code     0  libinit2.o(.ARM.Collect$$libinit$$00000004)
    __rt_lib_init_return                     0x00000157   Thumb Code     0  libinit2.o(.ARM.Collect$$libinit$$00000035)
    __rt_lib_init_signal_1                   0x00000157   Thumb Code     0  libinit2.o(.ARM.Collect$$libinit$$0000001F)
    __rt_lib_init_stdio_1                    0x00000157   Thumb Code     0  libinit2.o(.ARM.Collect$$libinit$$00000027)
    __rt_lib_init_user_alloc_1               0x00000157   Thumb Code     0  libinit2.o(.ARM.Collect$$libinit$$0000000E)
    __rt_lib_shutdown                        0x00000159   Thumb Code     0  libshutdown.o(.ARM.Collect$$libshutdown$$00000000)
    __rt_lib_shutdown_cpp_1                  0x0000015b   Thumb Code     0  libshutdown2.o(.ARM.Collect$$libshutdown$$00000002)
    __rt_lib_shutdown_fp_trap_1              0x0000015b   Thumb Code     0  libshutdown2.o(.ARM.Collect$$libshutdown$$00000007)
    __rt_lib_shutdown_heap_1                 0x0000015b   Thumb Code     0  libshutdown2.o(.ARM.Collect$$libshutdown$$0000000F)
    __rt_lib_shutdown_return                 0x0000015b   Thumb Code     0  libshutdown2.o(.ARM.Collect$$libshutdown$$00000010)
    __rt_lib_shutdown_signal_1               0x0000015b   Thumb Code     0  libshutdown2.o(.ARM.Collect$$libshutdown$$0000000A)
    __rt_lib_shutdown_stdio_1                0x0000015b   Thumb Code     0  libshutdown2.o(.ARM.Collect$$libshutdown$$00000004)
    __rt_lib_shutdown_user_alloc_1           0x0000015b   Thumb Code     0  libshutdown2.o(.ARM.Collect$$libshutdown$$0000000C)
    __rt_entry                               0x0000015d   Thumb Code     0  __rtentry.o(.ARM.Collect$$rtentry$$00000000)
    __rt_entry_presh_1                       0x0000015d   Thumb Code     0  __rtentry2.o(.ARM.Collect$$rtentry$$00000002)
    __rt_entry_sh                            0x0000015d   Thumb Code     0  __rtentry4.o(.ARM.Collect$$rtentry$$00000004)
    __rt_entry_li                            0x00000163   Thumb Code     0  __rtentry2.o(.ARM.Collect$$rtentry$$0000000A)
    __rt_entry_postsh_1                      0x00000163   Thumb Code     0  __rtentry2.o(.ARM.Collect$$rtentry$$00000009)
    __rt_entry_main                          0x00000167   Thumb Code     0  __rtentry2.o(.ARM.Collect$$rtentry$$0000000D)
    __rt_entry_postli_1                      0x00000167   Thumb Code     0  __rtentry2.o(.ARM.Collect$$rtentry$$0000000C)
    __rt_exit                                0x0000016f   Thumb Code     0  rtexit.o(.ARM.Collect$$rtexit$$00000000)
    __rt_exit_ls                             0x00000171   Thumb Code     0  rtexit2.o(.ARM.Collect$$rtexit$$00000003)
    __rt_exit_prels_1                        0x00000171   Thumb Code     0  rtexit2.o(.ARM.Collect$$rtexit$$00000002)
    __rt_exit_exit                           0x00000175   Thumb Code     0  rtexit2.o(.ARM.Collect$$rtexit$$00000004)
    Reset_Handler                            0x0000017d   Thumb Code    14  startup_apm32f00x.o(.text)
    EINTA_IRQHandler                         0x00000195   Thumb Code     0  startup_apm32f00x.o(.text)
    EINTB_IRQHandler                         0x00000195   Thumb Code     0  startup_apm32f00x.o(.text)
    EINTD_IRQHandler                         0x00000195   Thumb Code     0  startup_apm32f00x.o(.text)
    FLASH_IRQHandler                         0x00000195   Thumb Code     0  startup_apm32f00x.o(.text)
    IIC_IRQHandler                           0x00000195   Thumb Code     0  startup_apm32f00x.o(.text)
    RCM_IRQHandler                           0x00000195   Thumb Code     0  startup_apm32f00x.o(.text)
    SPI_IRQHandler                           0x00000195   Thumb Code     0  startup_apm32f00x.o(.text)
    TMR1A_CC_IRQHandler                      0x00000195   Thumb Code     0  startup_apm32f00x.o(.text)
    TMR1A_UT_IRQHandler                      0x00000195   Thumb Code     0  startup_apm32f00x.o(.text)
    TMR1_CC_IRQHandler                       0x00000195   Thumb Code     0  startup_apm32f00x.o(.text)
    TMR1_UT_IRQHandler                       0x00000195   Thumb Code     0  startup_apm32f00x.o(.text)
    TMR2_CC_IRQHandler                       0x00000195   Thumb Code     0  startup_apm32f00x.o(.text)
    TMR2_UO_IRQHandler                       0x00000195   Thumb Code     0  startup_apm32f00x.o(.text)
    USART1_RX_IRQHandler                     0x00000195   Thumb Code     0  startup_apm32f00x.o(.text)
    USART1_TX_IRQHandler                     0x00000195   Thumb Code     0  startup_apm32f00x.o(.text)
    USART2_RX_IRQHandler                     0x00000195   Thumb Code     0  startup_apm32f00x.o(.text)
    USART2_TX_IRQHandler                     0x00000195   Thumb Code     0  startup_apm32f00x.o(.text)
    USART3_RX_IRQHandler                     0x00000195   Thumb Code     0  startup_apm32f00x.o(.text)
    USART3_TX_IRQHandler                     0x00000195   Thumb Code     0  startup_apm32f00x.o(.text)
    WUPT_IRQHandler                          0x00000195   Thumb Code     0  startup_apm32f00x.o(.text)
    __user_initial_stackheap                 0x00000199   Thumb Code     0  startup_apm32f00x.o(.text)
    __aeabi_uidivmod                         0x000001c1   Thumb Code    28  aeabi_sdivfast.o(.text)
    __aeabi_idivmod                          0x000001dd   Thumb Code   472  aeabi_sdivfast.o(.text)
    __use_two_region_memory                  0x000003b9   Thumb Code     2  heapauxi.o(.text)
    __rt_heap_escrow$2region                 0x000003bb   Thumb Code     2  heapauxi.o(.text)
    __rt_heap_expand$2region                 0x000003bd   Thumb Code     2  heapauxi.o(.text)
    __aeabi_d2f                              0x000003c1   Thumb Code     0  d2f.o(.text)
    __truncdfsf2                             0x000003c1   Thumb Code     0  d2f.o(.text)
    _d2f                                     0x000003c1   Thumb Code   120  d2f.o(.text)
    __aeabi_ddiv                             0x0000043d   Thumb Code     0  ddiv.o(.text)
    __divdf3                                 0x0000043d   Thumb Code     0  ddiv.o(.text)
    _ddiv                                    0x0000043d   Thumb Code  1072  ddiv.o(.text)
    _drdiv                                   0x0000086d   Thumb Code    20  ddiv.o(.text)
    __aeabi_d2iz                             0x00000885   Thumb Code     0  dfixi.o(.text)
    _dfix                                    0x00000885   Thumb Code    98  dfixi.o(.text)
    __aeabi_i2d_normalise                    0x000008f1   Thumb Code    66  dflti.o(.text)
    __aeabi_i2d                              0x00000933   Thumb Code    16  dflti.o(.text)
    _dflt                                    0x00000933   Thumb Code     0  dflti.o(.text)
    __aeabi_ui2d                             0x00000943   Thumb Code     6  dflti.o(.text)
    _dfltu                                   0x00000943   Thumb Code     0  dflti.o(.text)
    __aeabi_dmul                             0x00000949   Thumb Code     0  dmul.o(.text)
    __muldf3                                 0x00000949   Thumb Code     0  dmul.o(.text)
    _dmul                                    0x00000949   Thumb Code   558  dmul.o(.text)
    __aeabi_f2d                              0x00000b91   Thumb Code     0  f2d.o(.text)
    __extendsfdf2                            0x00000b91   Thumb Code     0  f2d.o(.text)
    _f2d                                     0x00000b91   Thumb Code    80  f2d.o(.text)
    __aeabi_fdiv                             0x00000be5   Thumb Code     0  fdiv.o(.text)
    __divsf3                                 0x00000be5   Thumb Code     0  fdiv.o(.text)
    _fdiv                                    0x00000be5   Thumb Code   334  fdiv.o(.text)
    _frdiv                                   0x00000d33   Thumb Code     8  fdiv.o(.text)
    __aeabi_f2iz                             0x00000d45   Thumb Code     0  ffixi.o(.text)
    _ffix                                    0x00000d45   Thumb Code    76  ffixi.o(.text)
    __aeabi_i2f_normalise                    0x00000d91   Thumb Code    72  fflti.o(.text)
    __aeabi_i2f                              0x00000dd9   Thumb Code    16  fflti.o(.text)
    _fflt                                    0x00000dd9   Thumb Code     0  fflti.o(.text)
    __aeabi_ui2f                             0x00000de9   Thumb Code     6  fflti.o(.text)
    _ffltu                                   0x00000de9   Thumb Code     0  fflti.o(.text)
    __user_setup_stackheap                   0x00000def   Thumb Code    62  sys_stackheap_outer.o(.text)
    exit                                     0x00000e2d   Thumb Code    16  exit.o(.text)
    __user_libspace                          0x00000e3d   Thumb Code     8  libspace.o(.text)
    __user_perproc_libspace                  0x00000e3d   Thumb Code     0  libspace.o(.text)
    __user_perthread_libspace                0x00000e3d   Thumb Code     0  libspace.o(.text)
    _sys_exit                                0x00000e45   Thumb Code     8  sys_exit.o(.text)
    __I$use$semihosting                      0x00000e51   Thumb Code     0  use_no_semi.o(.text)
    __use_no_semihosting_swi                 0x00000e51   Thumb Code     2  use_no_semi.o(.text)
    ADCCalibration                           0x00000e53   Thumb Code    84  main.o(.text.ADCCalibration)
    __semihosting_library_function           0x00000e53   Thumb Code     0  indicate_semi.o(.text)
    ADCMeasure                               0x00000ea9   Thumb Code   140  main.o(.text.ADCMeasure)
    ADC_ClearStatusFlag                      0x00000f6d   Thumb Code    32  apm32f00x_adc.o(.text.ADC_ClearStatusFlag)
    ADC_Config                               0x00000f8d   Thumb Code   176  apm32f00x_adc.o(.text.ADC_Config)
    ADC_ConfigStructInit                     0x00001041   Thumb Code    16  apm32f00x_adc.o(.text.ADC_ConfigStructInit)
    ADC_Disable                              0x00001051   Thumb Code    12  apm32f00x_adc.o(.text.ADC_Disable)
    ADC_DisableCompensation                  0x0000105d   Thumb Code    12  apm32f00x_adc.o(.text.ADC_DisableCompensation)
    ADC_Enable                               0x00001069   Thumb Code    12  apm32f00x_adc.o(.text.ADC_Enable)
    ADC_EnableCompensation                   0x00001075   Thumb Code    12  apm32f00x_adc.o(.text.ADC_EnableCompensation)
    ADC_IRQHandler                           0x00001081   Thumb Code     2  apm32f00x_int.o(.text.ADC_IRQHandler)
    ADC_ReadData                             0x00001085   Thumb Code    48  apm32f00x_adc.o(.text.ADC_ReadData)
    ADC_ReadStatusFlag                       0x000010b9   Thumb Code    20  apm32f00x_adc.o(.text.ADC_ReadStatusFlag)
    ADC_SetMode                              0x000010d1   Thumb Code    20  apm32f00x_adc.o(.text.ADC_SetMode)
    ADC_SetOffset                            0x000010e9   Thumb Code    12  apm32f00x_adc.o(.text.ADC_SetOffset)
    ADC_StartConversion                      0x000010f9   Thumb Code    12  apm32f00x_adc.o(.text.ADC_StartConversion)
    EINTC_IRQHandler                         0x00001109   Thumb Code    16  apm32f00x_int.o(.text.EINTC_IRQHandler)
    EINT_ClearIntFlag                        0x0000111d   Thumb Code    12  apm32f00x_eint.o(.text.EINT_ClearIntFlag)
    EINT_Config                              0x0000112d   Thumb Code   100  apm32f00x_eint.o(.text.EINT_Config)
    FMC_ErasePage                            0x00001195   Thumb Code   140  apm32f00x_fmc.o(.text.FMC_ErasePage)
    FMC_Lock                                 0x00001225   Thumb Code    12  apm32f00x_fmc.o(.text.FMC_Lock)
    FMC_ProgramWord                          0x00001231   Thumb Code   204  apm32f00x_fmc.o(.text.FMC_ProgramWord)
    FMC_Unlock                               0x00001305   Thumb Code    12  apm32f00x_fmc.o(.text.FMC_Unlock)
    Flash_Write2                             0x0000131d   Thumb Code   124  main.o(.text.Flash_Write2)
    Flow_Pulse                               0x000013b1   Thumb Code  1308  main.o(.text.Flow_Pulse)
    GPIO_ClearBit                            0x000019a1   Thumb Code     8  apm32f00x_gpio.o(.text.GPIO_ClearBit)
    GPIO_Config                              0x000019a9   Thumb Code   116  apm32f00x_gpio.o(.text.GPIO_Config)
    GPIO_ReadInputBit                        0x00001a1d   Thumb Code    10  apm32f00x_gpio.o(.text.GPIO_ReadInputBit)
    GPIO_SetBit                              0x00001a27   Thumb Code     8  apm32f00x_gpio.o(.text.GPIO_SetBit)
    HardFault_Handler                        0x00001a2f   Thumb Code     2  apm32f00x_int.o(.text.HardFault_Handler)
    NMI_Handler                              0x00001a31   Thumb Code     2  apm32f00x_int.o(.text.NMI_Handler)
    NVIC_DisableIRQRequest                   0x00001a35   Thumb Code    28  apm32f00x_misc.o(.text.NVIC_DisableIRQRequest)
    NVIC_EnableIRQRequest                    0x00001a55   Thumb Code    68  apm32f00x_misc.o(.text.NVIC_EnableIRQRequest)
    PendSV_Handler                           0x00001aa5   Thumb Code     2  apm32f00x_int.o(.text.PendSV_Handler)
    Print_Display                            0x00001aa9   Thumb Code  1324  main.o(.text.Print_Display)
    RCM_ConfigHIRCDiv                        0x0000208d   Thumb Code    32  apm32f00x_rcm.o(.text.RCM_ConfigHIRCDiv)
    SVC_Handler                              0x000020ad   Thumb Code     2  apm32f00x_int.o(.text.SVC_Handler)
    Screen_Water_Filling                     0x000020b1   Thumb Code    80  main.o(.text.Screen_Water_Filling)
    SysTick_Handler                          0x00002199   Thumb Code     2  apm32f00x_int.o(.text.SysTick_Handler)
    SystemInit                               0x0000219d   Thumb Code   108  system_apm32f00x.o(.text.SystemInit)
    TMR4Isr                                  0x00002215   Thumb Code  1368  main.o(.text.TMR4Isr)
    TMR4_ClearIntFlag                        0x00002851   Thumb Code    12  apm32f00x_tmr4.o(.text.TMR4_ClearIntFlag)
    TMR4_ConfigTimerBase                     0x00002861   Thumb Code     8  apm32f00x_tmr4.o(.text.TMR4_ConfigTimerBase)
    TMR4_Enable                              0x0000286d   Thumb Code    12  apm32f00x_tmr4.o(.text.TMR4_Enable)
    TMR4_EnableInterrupt                     0x0000287d   Thumb Code    12  apm32f00x_tmr4.o(.text.TMR4_EnableInterrupt)
    TMR4_IRQHandler                          0x00002889   Thumb Code     8  apm32f00x_int.o(.text.TMR4_IRQHandler)
    TMR4_ReadIntFlag                         0x00002891   Thumb Code    20  apm32f00x_tmr4.o(.text.TMR4_ReadIntFlag)
    Vk1621_Init                              0x000028a9   Thumb Code   132  main.o(.text.Vk1621_Init)
    WriteCommandVk1621                       0x00002931   Thumb Code   392  main.o(.text.WriteCommandVk1621)
    WritenDataVk1621                         0x00002ab9   Thumb Code   468  main.o(.text.WritenDataVk1621)
    main                                     0x00002c95   Thumb Code  8368  main.o(.text.main)
    totalnumber                              0x00004e11   Thumb Code  3040  main.o(.text.totalnumber)
    __aeabi_uidiv                            0x00005a05   Thumb Code    68  aeabi_sdivfast.o(.text_divfast)
    __aeabi_idiv                             0x00005a49   Thumb Code   434  aeabi_sdivfast.o(.text_divfast)
    __aeabi_fadd                             0x00005bfd   Thumb Code     0  faddsub.o(x$fpl$fadd)
    _fadd                                    0x00005bfd   Thumb Code   134  faddsub.o(x$fpl$fadd)
    __aeabi_fmul                             0x00005c89   Thumb Code     0  fmul.o(x$fpl$fmul)
    _fmul                                    0x00005c89   Thumb Code   172  fmul.o(x$fpl$fmul)
    __aeabi_fsub                             0x00005d39   Thumb Code     0  faddsub.o(x$fpl$fsub)
    _fsub                                    0x00005d39   Thumb Code   204  faddsub.o(x$fpl$fsub)
    __I$use$fp                               0x00005e08   Number         0  usenofp.o(x$fpl$usenofp)
    Region$$Table$$Base                      0x00005f08   Number         0  anon$$obj.o(Region$$Table)
    Region$$Table$$Limit                     0x00005f28   Number         0  anon$$obj.o(Region$$Table)
    vk1621_addrbit                           0x20000000   Data           1  main.o(.data.vk1621_addrbit)
    __libspace_start                         0x20000008   Data          96  libspace.o(.bss)
    Bell                                     0x20000068   Data           1  main.o(.bss.Bell)
    __temporary_stack_top$libspace           0x20000068   Data           0  libspace.o(.bss)
    BellVib                                  0x20000069   Data           1  main.o(.bss.BellVib)
    Button1_Cnt                              0x2000006a   Data           1  main.o(.bss.Button1_Cnt)
    Button1_state                            0x2000006b   Data           1  main.o(.bss.Button1_state)
    Button2_Cnt                              0x2000006c   Data           1  main.o(.bss.Button2_Cnt)
    Button2_state                            0x2000006d   Data           1  main.o(.bss.Button2_state)
    Button3_Cnt                              0x2000006e   Data           1  main.o(.bss.Button3_Cnt)
    Button3_state                            0x2000006f   Data           1  main.o(.bss.Button3_state)
    Const_Flow_Value                         0x20000070   Data           2  main.o(.bss.Const_Flow_Value)
    DATA                                     0x20000072   Data          16  main.o(.bss.DATA)
    Dot                                      0x20000082   Data           1  main.o(.bss.Dot)
    Drop                                     0x20000083   Data           1  main.o(.bss.Drop)
    E0_timer_cnt                             0x20000084   Data           1  main.o(.bss.E0_timer_cnt)
    E0_timer_start                           0x20000085   Data           1  main.o(.bss.E0_timer_start)
    E2_First_Control                         0x20000086   Data           1  main.o(.bss.E2_First_Control)
    E2_Second_Control                        0x20000087   Data           1  main.o(.bss.E2_Second_Control)
    E2_Time_Start                            0x20000088   Data           1  main.o(.bss.E2_Time_Start)
    E2_lock                                  0x20000089   Data           1  main.o(.bss.E2_lock)
    E2_time_cnt                              0x2000008a   Data           1  main.o(.bss.E2_time_cnt)
    E5_active                                0x2000008b   Data           1  main.o(.bss.E5_active)
    E5_lock                                  0x2000008c   Data           1  main.o(.bss.E5_lock)
    E5_visibility_timer                      0x2000008d   Data           1  main.o(.bss.E5_visibility_timer)
    E6_Pulse                                 0x2000008e   Data           1  main.o(.bss.E6_Pulse)
    E6_lock                                  0x2000008f   Data           1  main.o(.bss.E6_lock)
    E6_pulse_reg                             0x20000090   Data           1  main.o(.bss.E6_pulse_reg)
    E6_work_cnt                              0x20000094   Data           4  main.o(.bss.E6_work_cnt)
    E7_lock                                  0x20000098   Data           1  main.o(.bss.E7_lock)
    Error                                    0x20000099   Data           1  main.o(.bss.Error)
    FLOW                                     0x2000009c   Data           4  main.o(.bss.FLOW)
    FLOW_start                               0x200000a0   Data           1  main.o(.bss.FLOW_start)
    Fifth_FLife                              0x200000a2   Data           2  main.o(.bss.Fifth_FLife)
    First_FLife                              0x200000a4   Data           2  main.o(.bss.First_FLife)
    Fourth_FLife                             0x200000a6   Data           2  main.o(.bss.Fourth_FLife)
    G                                        0x200000a8   Data           1  main.o(.bss.G)
    GALON                                    0x200000aa   Data           2  main.o(.bss.GALON)
    GALON_REG                                0x200000ac   Data           2  main.o(.bss.GALON_REG)
    LPM                                      0x200000ae   Data           1  main.o(.bss.LPM)
    Mechanic_Valve_pulse                     0x200000af   Data           1  main.o(.bss.Mechanic_Valve_pulse)
    Ripple                                   0x200000b0   Data           1  main.o(.bss.Ripple)
    Ripple2                                  0x200000b1   Data           1  main.o(.bss.Ripple2)
    SYSTEM_ON                                0x200000b2   Data           1  main.o(.bss.SYSTEM_ON)
    Second_FLife                             0x200000b4   Data           2  main.o(.bss.Second_FLife)
    Set_Mode                                 0x200000b6   Data           1  main.o(.bss.Set_Mode)
    Tap                                      0x200000b7   Data           1  main.o(.bss.Tap)
    Third_FLife                              0x200000b8   Data           2  main.o(.bss.Third_FLife)
    Total_Water                              0x200000ba   Data           2  main.o(.bss.Total_Water)
    Water_Leak                               0x200000bc   Data           1  main.o(.bss.Water_Leak)
    Wrench                                   0x200000bd   Data           1  main.o(.bss.Wrench)
    adcData                                  0x200000be   Data           2  main.o(.bss.adcData)
    binler_bas                               0x200000c0   Data           2  main.o(.bss.binler_bas)
    binler_kalan                             0x200000c2   Data           2  main.o(.bss.binler_kalan)
    birler_bas                               0x200000c4   Data           2  main.o(.bss.birler_bas)
    button_2_3_cnt                           0x200000c6   Data           1  main.o(.bss.button_2_3_cnt)
    buzzer_error_timer                       0x200000c7   Data           1  main.o(.bss.buzzer_error_timer)
    error_visibility_timer                   0x200000c8   Data           1  main.o(.bss.error_visibility_timer)
    filling_symbol                           0x200000c9   Data           1  main.o(.bss.filling_symbol)
    filter_save                              0x200000ca   Data           1  main.o(.bss.filter_save)
    flowmeter_stability_pulse                0x200000cc   Data           4  main.o(.bss.flowmeter_stability_pulse)
    fourdigit                                0x200000d0   Data           1  main.o(.bss.fourdigit)
    fourdigit1                               0x200000d1   Data           1  main.o(.bss.fourdigit1)
    fourdigit2                               0x200000d2   Data           1  main.o(.bss.fourdigit2)
    fourdigit3                               0x200000d3   Data           1  main.o(.bss.fourdigit3)
    fourdigit4                               0x200000d4   Data           1  main.o(.bss.fourdigit4)
    fourdigit5                               0x200000d5   Data           1  main.o(.bss.fourdigit5)
    fourdigit6                               0x200000d6   Data           1  main.o(.bss.fourdigit6)
    high_pressure_last_state                 0x200000d7   Data           1  main.o(.bss.high_pressure_last_state)
    high_pressure_off_timer                  0x200000d8   Data           1  main.o(.bss.high_pressure_off_timer)
    high_pressure_on_timer                   0x200000d9   Data           1  main.o(.bss.high_pressure_on_timer)
    high_pressure_stable_off                 0x200000da   Data           1  main.o(.bss.high_pressure_stable_off)
    high_pressure_stable_on                  0x200000db   Data           1  main.o(.bss.high_pressure_stable_on)
    liter                                    0x200000dc   Data           4  main.o(.bss.liter)
    low_pressure_last_state                  0x200000e0   Data           1  main.o(.bss.low_pressure_last_state)
    low_pressure_off_timer                   0x200000e1   Data           1  main.o(.bss.low_pressure_off_timer)
    low_pressure_on_timer                    0x200000e2   Data           1  main.o(.bss.low_pressure_on_timer)
    low_pressure_stable_off                  0x200000e3   Data           1  main.o(.bss.low_pressure_stable_off)
    low_pressure_stable_on                   0x200000e4   Data           1  main.o(.bss.low_pressure_stable_on)
    mechanic_timecheck                       0x200000e5   Data           1  main.o(.bss.mechanic_timecheck)
    mechanic_timecnt                         0x200000e6   Data           2  main.o(.bss.mechanic_timecnt)
    numbers_visibilty_timer                  0x200000e8   Data           1  main.o(.bss.numbers_visibilty_timer)
    onedigit                                 0x200000e9   Data           1  main.o(.bss.onedigit)
    onedigit1                                0x200000ea   Data           1  main.o(.bss.onedigit1)
    onedigit2                                0x200000eb   Data           1  main.o(.bss.onedigit2)
    onedigit3                                0x200000ec   Data           1  main.o(.bss.onedigit3)
    onedigit4                                0x200000ed   Data           1  main.o(.bss.onedigit4)
    onedigit5                                0x200000ee   Data           1  main.o(.bss.onedigit5)
    onedigit6                                0x200000ef   Data           1  main.o(.bss.onedigit6)
    onepagedigit                             0x200000f0   Data           1  main.o(.bss.onepagedigit)
    onetime_E5_active                        0x200000f1   Data           1  main.o(.bss.onetime_E5_active)
    onetime_E5_setting                       0x200000f2   Data           1  main.o(.bss.onetime_E5_setting)
    onetime_HighPress_clear                  0x200000f3   Data           1  main.o(.bss.onetime_HighPress_clear)
    onetime_HighPress_set                    0x200000f4   Data           1  main.o(.bss.onetime_HighPress_set)
    onetime_buzzer                           0x200000f5   Data           1  main.o(.bss.onetime_buzzer)
    onetime_eint                             0x200000f6   Data           1  main.o(.bss.onetime_eint)
    onetime_reset_after_E0                   0x200000f7   Data           1  main.o(.bss.onetime_reset_after_E0)
    onetime_set_mode2_set                    0x200000f8   Data           1  main.o(.bss.onetime_set_mode2_set)
    onetime_systemOff                        0x200000f9   Data           1  main.o(.bss.onetime_systemOff)
    onetime_systemOn                         0x200000fa   Data           1  main.o(.bss.onetime_systemOn)
    onetime_system_set                       0x200000fb   Data           1  main.o(.bss.onetime_system_set)
    onetime_waterLeak                        0x200000fc   Data           1  main.o(.bss.onetime_waterLeak)
    onlar_bas                                0x200000fe   Data           2  main.o(.bss.onlar_bas)
    onlar_kalan                              0x20000100   Data           2  main.o(.bss.onlar_kalan)
    pulse                                    0x20000104   Data           4  main.o(.bss.pulse)
    pulse_reg                                0x20000108   Data           4  main.o(.bss.pulse_reg)
    read_button3                             0x2000010c   Data           1  main.o(.bss.read_button3)
    screen_cnt_start                         0x2000010d   Data           1  main.o(.bss.screen_cnt_start)
    screen_mode                              0x2000010e   Data           1  main.o(.bss.screen_mode)
    screen_mode_cnt                          0x2000010f   Data           1  main.o(.bss.screen_mode_cnt)
    screen_reset_cnt                         0x20000110   Data           1  main.o(.bss.screen_reset_cnt)
    screen_roll_start                        0x20000111   Data           1  main.o(.bss.screen_roll_start)
    screen_rolling                           0x20000112   Data           1  main.o(.bss.screen_rolling)
    selenoid_buzzer                          0x20000113   Data           1  main.o(.bss.selenoid_buzzer)
    selenoid_buzzer_cnt                      0x20000114   Data           1  main.o(.bss.selenoid_buzzer_cnt)
    selenoid_check_cnt                       0x20000116   Data           2  main.o(.bss.selenoid_check_cnt)
    selenoid_check_time                      0x20000118   Data           1  main.o(.bss.selenoid_check_time)
    selenoid_error                           0x20000119   Data           1  main.o(.bss.selenoid_error)
    selenoid_error_wait                      0x2000011a   Data           1  main.o(.bss.selenoid_error_wait)
    selenoid_error_waiting_time              0x2000011c   Data           2  main.o(.bss.selenoid_error_waiting_time)
    set_mode2_digit                          0x2000011e   Data           1  main.o(.bss.set_mode2_digit)
    threedigit                               0x2000011f   Data           1  main.o(.bss.threedigit)
    threedigit1                              0x20000120   Data           1  main.o(.bss.threedigit1)
    threedigit2                              0x20000121   Data           1  main.o(.bss.threedigit2)
    threedigit3                              0x20000122   Data           1  main.o(.bss.threedigit3)
    threedigit4                              0x20000123   Data           1  main.o(.bss.threedigit4)
    threedigit5                              0x20000124   Data           1  main.o(.bss.threedigit5)
    threedigit6                              0x20000125   Data           1  main.o(.bss.threedigit6)
    tick                                     0x20000126   Data           1  main.o(.bss.tick)
    tick2                                    0x20000127   Data           1  main.o(.bss.tick2)
    twodigit                                 0x20000128   Data           1  main.o(.bss.twodigit)
    twodigit1                                0x20000129   Data           1  main.o(.bss.twodigit1)
    twodigit2                                0x2000012a   Data           1  main.o(.bss.twodigit2)
    twodigit3                                0x2000012b   Data           1  main.o(.bss.twodigit3)
    twodigit4                                0x2000012c   Data           1  main.o(.bss.twodigit4)
    twodigit5                                0x2000012d   Data           1  main.o(.bss.twodigit5)
    twodigit6                                0x2000012e   Data           1  main.o(.bss.twodigit6)
    vk1621_maxcom                            0x2000012f   Data           1  main.o(.bss.vk1621_maxcom)
    voltage                                  0x20000130   Data           2  main.o(.bss.voltage)
    water_filling                            0x20000132   Data           1  main.o(.bss.water_filling)
    water_filling_cnt                        0x20000133   Data           1  main.o(.bss.water_filling_cnt)
    water_filling_pulse                      0x20000134   Data           4  main.o(.bss.water_filling_pulse)
    yuzler_bas                               0x20000138   Data           2  main.o(.bss.yuzler_bas)
    yuzler_kalan                             0x2000013a   Data           2  main.o(.bss.yuzler_kalan)
    zeropagedigit                            0x2000013c   Data           1  main.o(.bss.zeropagedigit)



==============================================================================

Memory Map of the image

  Image Entry point : 0x000000bd

  Load Region LR_IROM1 (Base: 0x00000000, Size: 0x00005f30, Max: 0x00008000, ABSOLUTE)

    Execution Region ER_IROM1 (Exec base: 0x00000000, Load base: 0x00000000, Size: 0x00005f28, Max: 0x00008000, ABSOLUTE)

    Exec Addr    Load Addr    Size         Type   Attr      Idx    E Section Name        Object

    0x00000000   0x00000000   0x000000bc   Data   RO           11    RESET               startup_apm32f00x.o
    0x000000bc   0x000000bc   0x00000008   Code   RO         1163  * !!!main             c_p.l(__main.o)
    0x000000c4   0x000000c4   0x00000054   Code   RO         1369    !!!scatter          c_p.l(__scatter.o)
    0x00000118   0x00000118   0x0000001a   Code   RO         1373    !!handler_copy      c_p.l(__scatter_copy.o)
    0x00000132   0x00000132   0x00000002   PAD
    0x00000134   0x00000134   0x00000002   Code   RO         1370    !!handler_null      c_p.l(__scatter.o)
    0x00000136   0x00000136   0x00000002   PAD
    0x00000138   0x00000138   0x0000001c   Code   RO         1375    !!handler_zi        c_p.l(__scatter_zi.o)
    0x00000154   0x00000154   0x00000002   Code   RO         1230    .ARM.Collect$$libinit$$00000000  c_p.l(libinit.o)
    0x00000156   0x00000156   0x00000000   Code   RO         1244    .ARM.Collect$$libinit$$00000002  c_p.l(libinit2.o)
    0x00000156   0x00000156   0x00000000   Code   RO         1246    .ARM.Collect$$libinit$$00000004  c_p.l(libinit2.o)
    0x00000156   0x00000156   0x00000000   Code   RO         1248    .ARM.Collect$$libinit$$00000006  c_p.l(libinit2.o)
    0x00000156   0x00000156   0x00000000   Code   RO         1251    .ARM.Collect$$libinit$$0000000C  c_p.l(libinit2.o)
    0x00000156   0x00000156   0x00000000   Code   RO         1253    .ARM.Collect$$libinit$$0000000E  c_p.l(libinit2.o)
    0x00000156   0x00000156   0x00000000   Code   RO         1255    .ARM.Collect$$libinit$$00000010  c_p.l(libinit2.o)
    0x00000156   0x00000156   0x00000000   Code   RO         1258    .ARM.Collect$$libinit$$00000013  c_p.l(libinit2.o)
    0x00000156   0x00000156   0x00000000   Code   RO         1260    .ARM.Collect$$libinit$$00000015  c_p.l(libinit2.o)
    0x00000156   0x00000156   0x00000000   Code   RO         1262    .ARM.Collect$$libinit$$00000017  c_p.l(libinit2.o)
    0x00000156   0x00000156   0x00000000   Code   RO         1264    .ARM.Collect$$libinit$$00000019  c_p.l(libinit2.o)
    0x00000156   0x00000156   0x00000000   Code   RO         1266    .ARM.Collect$$libinit$$0000001B  c_p.l(libinit2.o)
    0x00000156   0x00000156   0x00000000   Code   RO         1268    .ARM.Collect$$libinit$$0000001D  c_p.l(libinit2.o)
    0x00000156   0x00000156   0x00000000   Code   RO         1270    .ARM.Collect$$libinit$$0000001F  c_p.l(libinit2.o)
    0x00000156   0x00000156   0x00000000   Code   RO         1272    .ARM.Collect$$libinit$$00000021  c_p.l(libinit2.o)
    0x00000156   0x00000156   0x00000000   Code   RO         1274    .ARM.Collect$$libinit$$00000023  c_p.l(libinit2.o)
    0x00000156   0x00000156   0x00000000   Code   RO         1276    .ARM.Collect$$libinit$$00000025  c_p.l(libinit2.o)
    0x00000156   0x00000156   0x00000000   Code   RO         1278    .ARM.Collect$$libinit$$00000027  c_p.l(libinit2.o)
    0x00000156   0x00000156   0x00000000   Code   RO         1282    .ARM.Collect$$libinit$$0000002E  c_p.l(libinit2.o)
    0x00000156   0x00000156   0x00000000   Code   RO         1284    .ARM.Collect$$libinit$$00000030  c_p.l(libinit2.o)
    0x00000156   0x00000156   0x00000000   Code   RO         1286    .ARM.Collect$$libinit$$00000032  c_p.l(libinit2.o)
    0x00000156   0x00000156   0x00000000   Code   RO         1288    .ARM.Collect$$libinit$$00000034  c_p.l(libinit2.o)
    0x00000156   0x00000156   0x00000002   Code   RO         1289    .ARM.Collect$$libinit$$00000035  c_p.l(libinit2.o)
    0x00000158   0x00000158   0x00000002   Code   RO         1324    .ARM.Collect$$libshutdown$$00000000  c_p.l(libshutdown.o)
    0x0000015a   0x0000015a   0x00000000   Code   RO         1352    .ARM.Collect$$libshutdown$$00000002  c_p.l(libshutdown2.o)
    0x0000015a   0x0000015a   0x00000000   Code   RO         1354    .ARM.Collect$$libshutdown$$00000004  c_p.l(libshutdown2.o)
    0x0000015a   0x0000015a   0x00000000   Code   RO         1357    .ARM.Collect$$libshutdown$$00000007  c_p.l(libshutdown2.o)
    0x0000015a   0x0000015a   0x00000000   Code   RO         1360    .ARM.Collect$$libshutdown$$0000000A  c_p.l(libshutdown2.o)
    0x0000015a   0x0000015a   0x00000000   Code   RO         1362    .ARM.Collect$$libshutdown$$0000000C  c_p.l(libshutdown2.o)
    0x0000015a   0x0000015a   0x00000000   Code   RO         1365    .ARM.Collect$$libshutdown$$0000000F  c_p.l(libshutdown2.o)
    0x0000015a   0x0000015a   0x00000002   Code   RO         1366    .ARM.Collect$$libshutdown$$00000010  c_p.l(libshutdown2.o)
    0x0000015c   0x0000015c   0x00000000   Code   RO         1193    .ARM.Collect$$rtentry$$00000000  c_p.l(__rtentry.o)
    0x0000015c   0x0000015c   0x00000000   Code   RO         1200    .ARM.Collect$$rtentry$$00000002  c_p.l(__rtentry2.o)
    0x0000015c   0x0000015c   0x00000006   Code   RO         1212    .ARM.Collect$$rtentry$$00000004  c_p.l(__rtentry4.o)
    0x00000162   0x00000162   0x00000000   Code   RO         1202    .ARM.Collect$$rtentry$$00000009  c_p.l(__rtentry2.o)
    0x00000162   0x00000162   0x00000004   Code   RO         1203    .ARM.Collect$$rtentry$$0000000A  c_p.l(__rtentry2.o)
    0x00000166   0x00000166   0x00000000   Code   RO         1205    .ARM.Collect$$rtentry$$0000000C  c_p.l(__rtentry2.o)
    0x00000166   0x00000166   0x00000008   Code   RO         1206    .ARM.Collect$$rtentry$$0000000D  c_p.l(__rtentry2.o)
    0x0000016e   0x0000016e   0x00000002   Code   RO         1235    .ARM.Collect$$rtexit$$00000000  c_p.l(rtexit.o)
    0x00000170   0x00000170   0x00000000   Code   RO         1295    .ARM.Collect$$rtexit$$00000002  c_p.l(rtexit2.o)
    0x00000170   0x00000170   0x00000004   Code   RO         1296    .ARM.Collect$$rtexit$$00000003  c_p.l(rtexit2.o)
    0x00000174   0x00000174   0x00000006   Code   RO         1297    .ARM.Collect$$rtexit$$00000004  c_p.l(rtexit2.o)
    0x0000017a   0x0000017a   0x00000002   PAD
    0x0000017c   0x0000017c   0x00000044   Code   RO           12    .text               startup_apm32f00x.o
    0x000001c0   0x000001c0   0x000001f8   Code   RO         1153    .text               c_p.l(aeabi_sdivfast.o)
    0x000003b8   0x000003b8   0x00000006   Code   RO         1161    .text               c_p.l(heapauxi.o)
    0x000003be   0x000003be   0x00000002   PAD
    0x000003c0   0x000003c0   0x0000007c   Code   RO         1165    .text               fz_ps.l(d2f.o)
    0x0000043c   0x0000043c   0x00000448   Code   RO         1167    .text               fz_ps.l(ddiv.o)
    0x00000884   0x00000884   0x0000006c   Code   RO         1170    .text               fz_ps.l(dfixi.o)
    0x000008f0   0x000008f0   0x00000058   Code   RO         1172    .text               fz_ps.l(dflti.o)
    0x00000948   0x00000948   0x00000248   Code   RO         1174    .text               fz_ps.l(dmul.o)
    0x00000b90   0x00000b90   0x00000054   Code   RO         1176    .text               fz_ps.l(f2d.o)
    0x00000be4   0x00000be4   0x00000160   Code   RO         1184    .text               fz_ps.l(fdiv.o)
    0x00000d44   0x00000d44   0x0000004c   Code   RO         1187    .text               fz_ps.l(ffixi.o)
    0x00000d90   0x00000d90   0x0000005e   Code   RO         1189    .text               fz_ps.l(fflti.o)
    0x00000dee   0x00000dee   0x0000003e   Code   RO         1216    .text               c_p.l(sys_stackheap_outer.o)
    0x00000e2c   0x00000e2c   0x00000010   Code   RO         1219    .text               c_p.l(exit.o)
    0x00000e3c   0x00000e3c   0x00000008   Code   RO         1231    .text               c_p.l(libspace.o)
    0x00000e44   0x00000e44   0x0000000c   Code   RO         1290    .text               c_p.l(sys_exit.o)
    0x00000e50   0x00000e50   0x00000002   Code   RO         1313    .text               c_p.l(use_no_semi.o)
    0x00000e52   0x00000e52   0x00000000   Code   RO         1315    .text               c_p.l(indicate_semi.o)
    0x00000e52   0x00000e52   0x00000054   Code   RO          991    .text.ADCCalibration  main.o
    0x00000ea6   0x00000ea6   0x00000002   PAD
    0x00000ea8   0x00000ea8   0x000000c4   Code   RO          967    .text.ADCMeasure    main.o
    0x00000f6c   0x00000f6c   0x00000020   Code   RO          125    .text.ADC_ClearStatusFlag  apm32f00x_adc.o
    0x00000f8c   0x00000f8c   0x000000b4   Code   RO           67    .text.ADC_Config    apm32f00x_adc.o
    0x00001040   0x00001040   0x00000010   Code   RO           71    .text.ADC_ConfigStructInit  apm32f00x_adc.o
    0x00001050   0x00001050   0x0000000c   Code   RO           79    .text.ADC_Disable   apm32f00x_adc.o
    0x0000105c   0x0000105c   0x0000000c   Code   RO          133    .text.ADC_DisableCompensation  apm32f00x_adc.o
    0x00001068   0x00001068   0x0000000c   Code   RO           77    .text.ADC_Enable    apm32f00x_adc.o
    0x00001074   0x00001074   0x0000000c   Code   RO          131    .text.ADC_EnableCompensation  apm32f00x_adc.o
    0x00001080   0x00001080   0x00000002   Code   RO          936    .text.ADC_IRQHandler  apm32f00x_int.o
    0x00001082   0x00001082   0x00000002   PAD
    0x00001084   0x00001084   0x00000034   Code   RO          109    .text.ADC_ReadData  apm32f00x_adc.o
    0x000010b8   0x000010b8   0x00000018   Code   RO          123    .text.ADC_ReadStatusFlag  apm32f00x_adc.o
    0x000010d0   0x000010d0   0x00000018   Code   RO           81    .text.ADC_SetMode   apm32f00x_adc.o
    0x000010e8   0x000010e8   0x00000010   Code   RO          137    .text.ADC_SetOffset  apm32f00x_adc.o
    0x000010f8   0x000010f8   0x00000010   Code   RO          107    .text.ADC_StartConversion  apm32f00x_adc.o
    0x00001108   0x00001108   0x00000014   Code   RO          934    .text.EINTC_IRQHandler  apm32f00x_int.o
    0x0000111c   0x0000111c   0x00000010   Code   RO           55    .text.EINT_ClearIntFlag  apm32f00x_eint.o
    0x0000112c   0x0000112c   0x00000068   Code   RO           53    .text.EINT_Config   apm32f00x_eint.o
    0x00001194   0x00001194   0x00000090   Code   RO          183    .text.FMC_ErasePage  apm32f00x_fmc.o
    0x00001224   0x00001224   0x0000000c   Code   RO          177    .text.FMC_Lock      apm32f00x_fmc.o
    0x00001230   0x00001230   0x000000d4   Code   RO          189    .text.FMC_ProgramWord  apm32f00x_fmc.o
    0x00001304   0x00001304   0x00000018   Code   RO          175    .text.FMC_Unlock    apm32f00x_fmc.o
    0x0000131c   0x0000131c   0x00000094   Code   RO          961    .text.Flash_Write2  main.o
    0x000013b0   0x000013b0   0x000005f0   Code   RO          987    .text.Flow_Pulse    main.o
    0x000019a0   0x000019a0   0x00000008   Code   RO           29    .text.GPIO_ClearBit  apm32f00x_gpio.o
    0x000019a8   0x000019a8   0x00000074   Code   RO           21    .text.GPIO_Config   apm32f00x_gpio.o
    0x00001a1c   0x00001a1c   0x0000000a   Code   RO           35    .text.GPIO_ReadInputBit  apm32f00x_gpio.o
    0x00001a26   0x00001a26   0x00000008   Code   RO           27    .text.GPIO_SetBit   apm32f00x_gpio.o
    0x00001a2e   0x00001a2e   0x00000002   Code   RO          924    .text.HardFault_Handler  apm32f00x_int.o
    0x00001a30   0x00001a30   0x00000002   Code   RO          922    .text.NMI_Handler   apm32f00x_int.o
    0x00001a32   0x00001a32   0x00000002   PAD
    0x00001a34   0x00001a34   0x00000020   Code   RO          322    .text.NVIC_DisableIRQRequest  apm32f00x_misc.o
    0x00001a54   0x00001a54   0x00000050   Code   RO          320    .text.NVIC_EnableIRQRequest  apm32f00x_misc.o
    0x00001aa4   0x00001aa4   0x00000002   Code   RO          928    .text.PendSV_Handler  apm32f00x_int.o
    0x00001aa6   0x00001aa6   0x00000002   PAD
    0x00001aa8   0x00001aa8   0x000005e4   Code   RO          963    .text.Print_Display  main.o
    0x0000208c   0x0000208c   0x00000020   Code   RO          372    .text.RCM_ConfigHIRCDiv  apm32f00x_rcm.o
    0x000020ac   0x000020ac   0x00000002   Code   RO          926    .text.SVC_Handler   apm32f00x_int.o
    0x000020ae   0x000020ae   0x00000002   PAD
    0x000020b0   0x000020b0   0x000000e8   Code   RO          965    .text.Screen_Water_Filling  main.o
    0x00002198   0x00002198   0x00000002   Code   RO          930    .text.SysTick_Handler  apm32f00x_int.o
    0x0000219a   0x0000219a   0x00000002   PAD
    0x0000219c   0x0000219c   0x00000078   Code   RO            2    .text.SystemInit    system_apm32f00x.o
    0x00002214   0x00002214   0x0000063c   Code   RO          971    .text.TMR4Isr       main.o
    0x00002850   0x00002850   0x00000010   Code   RO          778    .text.TMR4_ClearIntFlag  apm32f00x_tmr4.o
    0x00002860   0x00002860   0x0000000c   Code   RO          738    .text.TMR4_ConfigTimerBase  apm32f00x_tmr4.o
    0x0000286c   0x0000286c   0x00000010   Code   RO          740    .text.TMR4_Enable   apm32f00x_tmr4.o
    0x0000287c   0x0000287c   0x0000000c   Code   RO          744    .text.TMR4_EnableInterrupt  apm32f00x_tmr4.o
    0x00002888   0x00002888   0x00000008   Code   RO          932    .text.TMR4_IRQHandler  apm32f00x_int.o
    0x00002890   0x00002890   0x00000018   Code   RO          776    .text.TMR4_ReadIntFlag  apm32f00x_tmr4.o
    0x000028a8   0x000028a8   0x00000088   Code   RO          953    .text.Vk1621_Init   main.o
    0x00002930   0x00002930   0x00000188   Code   RO          979    .text.WriteCommandVk1621  main.o
    0x00002ab8   0x00002ab8   0x000001dc   Code   RO          969    .text.WritenDataVk1621  main.o
    0x00002c94   0x00002c94   0x0000217c   Code   RO          947    .text.main          main.o
    0x00004e10   0x00004e10   0x00000bf4   Code   RO          959    .text.totalnumber   main.o
    0x00005a04   0x00005a04   0x000001f6   Code   RO         1154    .text_divfast       c_p.l(aeabi_sdivfast.o)
    0x00005bfa   0x00005bfa   0x00000002   PAD
    0x00005bfc   0x00005bfc   0x0000008c   Code   RO         1178    x$fpl$fadd          fz_ps.l(faddsub.o)
    0x00005c88   0x00005c88   0x000000b0   Code   RO         1191    x$fpl$fmul          fz_ps.l(fmul.o)
    0x00005d38   0x00005d38   0x000000d0   Code   RO         1180    x$fpl$fsub          fz_ps.l(faddsub.o)
    0x00005e08   0x00005e08   0x00000000   Code   RO         1198    x$fpl$usenofp       fz_ps.l(usenofp.o)
    0x00005e08   0x00005e08   0x00000080   Data   RO         1168    .constdata          fz_ps.l(ddiv.o)
    0x00005e88   0x00005e88   0x00000040   Data   RO         1185    .constdata          fz_ps.l(fdiv.o)
    0x00005ec8   0x00005ec8   0x00000030   Data   RO         1143    .rodata..Lswitch.table.Screen_Water_Filling  main.o
    0x00005ef8   0x00005ef8   0x00000010   Data   RO         1142    .rodata..Lswitch.table.main.1  main.o
    0x00005f08   0x00005f08   0x00000020   Data   RO         1368    Region$$Table       anon$$obj.o


    Execution Region RW_IRAM1 (Exec base: 0x20000000, Load base: 0x00005f28, Size: 0x00000740, Max: 0x00001000, ABSOLUTE)

    Exec Addr    Load Addr    Size         Type   Attr      Idx    E Section Name        Object

    0x20000000   0x00005f28   0x00000001   Data   RW         1008    .data.vk1621_addrbit  main.o
    0x20000001   0x00005f29   0x00000007   PAD
    0x20000008        -       0x00000060   Zero   RW         1232    .bss                c_p.l(libspace.o)
    0x20000068        -       0x00000001   Zero   RW         1020    .bss.Bell           main.o
    0x20000069        -       0x00000001   Zero   RW         1019    .bss.BellVib        main.o
    0x2000006a        -       0x00000001   Zero   RW         1044    .bss.Button1_Cnt    main.o
    0x2000006b        -       0x00000001   Zero   RW         1041    .bss.Button1_state  main.o
    0x2000006c        -       0x00000001   Zero   RW         1043    .bss.Button2_Cnt    main.o
    0x2000006d        -       0x00000001   Zero   RW         1040    .bss.Button2_state  main.o
    0x2000006e        -       0x00000001   Zero   RW         1042    .bss.Button3_Cnt    main.o
    0x2000006f        -       0x00000001   Zero   RW         1039    .bss.Button3_state  main.o
    0x20000070        -       0x00000002   Zero   RW         1032    .bss.Const_Flow_Value  main.o
    0x20000072        -       0x00000010   Zero   RW         1009    .bss.DATA           main.o
    0x20000082        -       0x00000001   Zero   RW         1021    .bss.Dot            main.o
    0x20000083        -       0x00000001   Zero   RW         1016    .bss.Drop           main.o
    0x20000084        -       0x00000001   Zero   RW          996    .bss.E0_timer_cnt   main.o
    0x20000085        -       0x00000001   Zero   RW          995    .bss.E0_timer_start  main.o
    0x20000086        -       0x00000001   Zero   RW         1125    .bss.E2_First_Control  main.o
    0x20000087        -       0x00000001   Zero   RW         1124    .bss.E2_Second_Control  main.o
    0x20000088        -       0x00000001   Zero   RW         1126    .bss.E2_Time_Start  main.o
    0x20000089        -       0x00000001   Zero   RW         1102    .bss.E2_lock        main.o
    0x2000008a        -       0x00000001   Zero   RW         1123    .bss.E2_time_cnt    main.o
    0x2000008b        -       0x00000001   Zero   RW         1031    .bss.E5_active      main.o
    0x2000008c        -       0x00000001   Zero   RW         1116    .bss.E5_lock        main.o
    0x2000008d        -       0x00000001   Zero   RW         1098    .bss.E5_visibility_timer  main.o
    0x2000008e        -       0x00000001   Zero   RW         1127    .bss.E6_Pulse       main.o
    0x2000008f        -       0x00000001   Zero   RW         1117    .bss.E6_lock        main.o
    0x20000090        -       0x00000001   Zero   RW         1128    .bss.E6_pulse_reg   main.o
    0x20000091   0x00005f29   0x00000003   PAD
    0x20000094        -       0x00000004   Zero   RW         1118    .bss.E6_work_cnt    main.o
    0x20000098        -       0x00000001   Zero   RW         1122    .bss.E7_lock        main.o
    0x20000099        -       0x00000001   Zero   RW         1033    .bss.Error          main.o
    0x2000009a   0x00005f29   0x00000002   PAD
    0x2000009c        -       0x00000004   Zero   RW         1037    .bss.FLOW           main.o
    0x200000a0        -       0x00000001   Zero   RW         1115    .bss.FLOW_start     main.o
    0x200000a1   0x00005f29   0x00000001   PAD
    0x200000a2        -       0x00000002   Zero   RW         1028    .bss.Fifth_FLife    main.o
    0x200000a4        -       0x00000002   Zero   RW         1024    .bss.First_FLife    main.o
    0x200000a6        -       0x00000002   Zero   RW         1027    .bss.Fourth_FLife   main.o
    0x200000a8        -       0x00000001   Zero   RW         1015    .bss.G              main.o
    0x200000a9   0x00005f29   0x00000001   PAD
    0x200000aa        -       0x00000002   Zero   RW         1029    .bss.GALON          main.o
    0x200000ac        -       0x00000002   Zero   RW         1112    .bss.GALON_REG      main.o
    0x200000ae        -       0x00000001   Zero   RW         1022    .bss.LPM            main.o
    0x200000af        -       0x00000001   Zero   RW         1119    .bss.Mechanic_Valve_pulse  main.o
    0x200000b0        -       0x00000001   Zero   RW         1017    .bss.Ripple         main.o
    0x200000b1        -       0x00000001   Zero   RW         1018    .bss.Ripple2        main.o
    0x200000b2        -       0x00000001   Zero   RW         1045    .bss.SYSTEM_ON      main.o
    0x200000b3   0x00005f29   0x00000001   PAD
    0x200000b4        -       0x00000002   Zero   RW         1025    .bss.Second_FLife   main.o
    0x200000b6        -       0x00000001   Zero   RW          993    .bss.Set_Mode       main.o
    0x200000b7        -       0x00000001   Zero   RW         1014    .bss.Tap            main.o
    0x200000b8        -       0x00000002   Zero   RW         1026    .bss.Third_FLife    main.o
    0x200000ba        -       0x00000002   Zero   RW         1038    .bss.Total_Water    main.o
    0x200000bc        -       0x00000001   Zero   RW         1011    .bss.Water_Leak     main.o
    0x200000bd        -       0x00000001   Zero   RW         1023    .bss.Wrench         main.o
    0x200000be        -       0x00000002   Zero   RW         1012    .bss.adcData        main.o
    0x200000c0        -       0x00000002   Zero   RW         1131    .bss.binler_bas     main.o
    0x200000c2        -       0x00000002   Zero   RW         1053    .bss.binler_kalan   main.o
    0x200000c4        -       0x00000002   Zero   RW         1134    .bss.birler_bas     main.o
    0x200000c6        -       0x00000001   Zero   RW         1105    .bss.button_2_3_cnt  main.o
    0x200000c7        -       0x00000001   Zero   RW         1035    .bss.buzzer_error_timer  main.o
    0x200000c8        -       0x00000001   Zero   RW         1096    .bss.error_visibility_timer  main.o
    0x200000c9        -       0x00000001   Zero   RW         1052    .bss.filling_symbol  main.o
    0x200000ca        -       0x00000001   Zero   RW         1047    .bss.filter_save    main.o
    0x200000cb   0x00005f29   0x00000001   PAD
    0x200000cc        -       0x00000004   Zero   RW         1095    .bss.flowmeter_stability_pulse  main.o
    0x200000d0        -       0x00000001   Zero   RW         1054    .bss.fourdigit      main.o
    0x200000d1        -       0x00000001   Zero   RW         1060    .bss.fourdigit1     main.o
    0x200000d2        -       0x00000001   Zero   RW         1064    .bss.fourdigit2     main.o
    0x200000d3        -       0x00000001   Zero   RW         1068    .bss.fourdigit3     main.o
    0x200000d4        -       0x00000001   Zero   RW         1072    .bss.fourdigit4     main.o
    0x200000d5        -       0x00000001   Zero   RW         1076    .bss.fourdigit5     main.o
    0x200000d6        -       0x00000001   Zero   RW         1080    .bss.fourdigit6     main.o
    0x200000d7        -       0x00000001   Zero   RW         1005    .bss.high_pressure_last_state  main.o
    0x200000d8        -       0x00000001   Zero   RW          998    .bss.high_pressure_off_timer  main.o
    0x200000d9        -       0x00000001   Zero   RW          997    .bss.high_pressure_on_timer  main.o
    0x200000da        -       0x00000001   Zero   RW         1002    .bss.high_pressure_stable_off  main.o
    0x200000db        -       0x00000001   Zero   RW         1001    .bss.high_pressure_stable_on  main.o
    0x200000dc        -       0x00000004   Zero   RW         1030    .bss.liter          main.o
    0x200000e0        -       0x00000001   Zero   RW         1006    .bss.low_pressure_last_state  main.o
    0x200000e1        -       0x00000001   Zero   RW         1000    .bss.low_pressure_off_timer  main.o
    0x200000e2        -       0x00000001   Zero   RW          999    .bss.low_pressure_on_timer  main.o
    0x200000e3        -       0x00000001   Zero   RW         1004    .bss.low_pressure_stable_off  main.o
    0x200000e4        -       0x00000001   Zero   RW         1003    .bss.low_pressure_stable_on  main.o
    0x200000e5        -       0x00000001   Zero   RW         1120    .bss.mechanic_timecheck  main.o
    0x200000e6        -       0x00000002   Zero   RW         1121    .bss.mechanic_timecnt  main.o
    0x200000e8        -       0x00000001   Zero   RW         1046    .bss.numbers_visibilty_timer  main.o
    0x200000e9        -       0x00000001   Zero   RW         1059    .bss.onedigit       main.o
    0x200000ea        -       0x00000001   Zero   RW         1063    .bss.onedigit1      main.o
    0x200000eb        -       0x00000001   Zero   RW         1067    .bss.onedigit2      main.o
    0x200000ec        -       0x00000001   Zero   RW         1071    .bss.onedigit3      main.o
    0x200000ed        -       0x00000001   Zero   RW         1075    .bss.onedigit4      main.o
    0x200000ee        -       0x00000001   Zero   RW         1079    .bss.onedigit5      main.o
    0x200000ef        -       0x00000001   Zero   RW         1083    .bss.onedigit6      main.o
    0x200000f0        -       0x00000001   Zero   RW         1107    .bss.onepagedigit   main.o
    0x200000f1        -       0x00000001   Zero   RW         1130    .bss.onetime_E5_active  main.o
    0x200000f2        -       0x00000001   Zero   RW         1097    .bss.onetime_E5_setting  main.o
    0x200000f3        -       0x00000001   Zero   RW         1086    .bss.onetime_HighPress_clear  main.o
    0x200000f4        -       0x00000001   Zero   RW         1085    .bss.onetime_HighPress_set  main.o
    0x200000f5        -       0x00000001   Zero   RW         1036    .bss.onetime_buzzer  main.o
    0x200000f6        -       0x00000001   Zero   RW         1101    .bss.onetime_eint   main.o
    0x200000f7        -       0x00000001   Zero   RW         1129    .bss.onetime_reset_after_E0  main.o
    0x200000f8        -       0x00000001   Zero   RW         1106    .bss.onetime_set_mode2_set  main.o
    0x200000f9        -       0x00000001   Zero   RW         1088    .bss.onetime_systemOff  main.o
    0x200000fa        -       0x00000001   Zero   RW         1089    .bss.onetime_systemOn  main.o
    0x200000fb        -       0x00000001   Zero   RW         1099    .bss.onetime_system_set  main.o
    0x200000fc        -       0x00000001   Zero   RW         1087    .bss.onetime_waterLeak  main.o
    0x200000fd   0x00005f29   0x00000001   PAD
    0x200000fe        -       0x00000002   Zero   RW         1133    .bss.onlar_bas      main.o
    0x20000100        -       0x00000002   Zero   RW         1057    .bss.onlar_kalan    main.o
    0x20000102   0x00005f29   0x00000002   PAD
    0x20000104        -       0x00000004   Zero   RW         1010    .bss.pulse          main.o
    0x20000108        -       0x00000004   Zero   RW         1111    .bss.pulse_reg      main.o
    0x2000010c        -       0x00000001   Zero   RW         1100    .bss.read_button3   main.o
    0x2000010d        -       0x00000001   Zero   RW         1110    .bss.screen_cnt_start  main.o
    0x2000010e        -       0x00000001   Zero   RW         1034    .bss.screen_mode    main.o
    0x2000010f        -       0x00000001   Zero   RW         1109    .bss.screen_mode_cnt  main.o
    0x20000110        -       0x00000001   Zero   RW         1108    .bss.screen_reset_cnt  main.o
    0x20000111        -       0x00000001   Zero   RW         1114    .bss.screen_roll_start  main.o
    0x20000112        -       0x00000001   Zero   RW         1113    .bss.screen_rolling  main.o
    0x20000113        -       0x00000001   Zero   RW         1093    .bss.selenoid_buzzer  main.o
    0x20000114        -       0x00000001   Zero   RW         1094    .bss.selenoid_buzzer_cnt  main.o
    0x20000115   0x00005f29   0x00000001   PAD
    0x20000116        -       0x00000002   Zero   RW         1091    .bss.selenoid_check_cnt  main.o
    0x20000118        -       0x00000001   Zero   RW         1090    .bss.selenoid_check_time  main.o
    0x20000119        -       0x00000001   Zero   RW         1092    .bss.selenoid_error  main.o
    0x2000011a        -       0x00000001   Zero   RW         1104    .bss.selenoid_error_wait  main.o
    0x2000011b   0x00005f29   0x00000001   PAD
    0x2000011c        -       0x00000002   Zero   RW         1103    .bss.selenoid_error_waiting_time  main.o
    0x2000011e        -       0x00000001   Zero   RW          994    .bss.set_mode2_digit  main.o
    0x2000011f        -       0x00000001   Zero   RW         1056    .bss.threedigit     main.o
    0x20000120        -       0x00000001   Zero   RW         1061    .bss.threedigit1    main.o
    0x20000121        -       0x00000001   Zero   RW         1065    .bss.threedigit2    main.o
    0x20000122        -       0x00000001   Zero   RW         1069    .bss.threedigit3    main.o
    0x20000123        -       0x00000001   Zero   RW         1073    .bss.threedigit4    main.o
    0x20000124        -       0x00000001   Zero   RW         1077    .bss.threedigit5    main.o
    0x20000125        -       0x00000001   Zero   RW         1081    .bss.threedigit6    main.o
    0x20000126        -       0x00000001   Zero   RW         1135    .bss.tick           main.o
    0x20000127        -       0x00000001   Zero   RW         1084    .bss.tick2          main.o
    0x20000128        -       0x00000001   Zero   RW         1058    .bss.twodigit       main.o
    0x20000129        -       0x00000001   Zero   RW         1062    .bss.twodigit1      main.o
    0x2000012a        -       0x00000001   Zero   RW         1066    .bss.twodigit2      main.o
    0x2000012b        -       0x00000001   Zero   RW         1070    .bss.twodigit3      main.o
    0x2000012c        -       0x00000001   Zero   RW         1074    .bss.twodigit4      main.o
    0x2000012d        -       0x00000001   Zero   RW         1078    .bss.twodigit5      main.o
    0x2000012e        -       0x00000001   Zero   RW         1082    .bss.twodigit6      main.o
    0x2000012f        -       0x00000001   Zero   RW         1136    .bss.vk1621_maxcom  main.o
    0x20000130        -       0x00000002   Zero   RW         1013    .bss.voltage        main.o
    0x20000132        -       0x00000001   Zero   RW         1048    .bss.water_filling  main.o
    0x20000133        -       0x00000001   Zero   RW         1049    .bss.water_filling_cnt  main.o
    0x20000134        -       0x00000004   Zero   RW         1050    .bss.water_filling_pulse  main.o
    0x20000138        -       0x00000002   Zero   RW         1132    .bss.yuzler_bas     main.o
    0x2000013a        -       0x00000002   Zero   RW         1055    .bss.yuzler_kalan   main.o
    0x2000013c        -       0x00000001   Zero   RW         1051    .bss.zeropagedigit  main.o
    0x2000013d   0x00005f29   0x00000003   PAD
    0x20000140        -       0x00000200   Zero   RW           10    HEAP                startup_apm32f00x.o
    0x20000340        -       0x00000400   Zero   RW            9    STACK               startup_apm32f00x.o


==============================================================================

Image component sizes


      Code (inc. data)   RO Data    RW Data    ZI Data      Debug   Object Name

       408         24          0          0          0      10993   apm32f00x_adc.o
       120         16          0          0          0       2335   apm32f00x_eint.o
       392         24          0          0          0      22685   apm32f00x_fmc.o
       142          0          0          0          0       5720   apm32f00x_gpio.o
        40          4          0          0          0        969   apm32f00x_int.o
       112         16          0          0          0       3383   apm32f00x_misc.o
        32          0          0          0          0      10124   apm32f00x_rcm.o
        80         16          0          0          0       5917   apm32f00x_tmr4.o
     17920       3332         64          1        199      32364   main.o
        68         32        188          0       1536        772   startup_apm32f00x.o
       120         12          0          0          0       4766   system_apm32f00x.o

    ----------------------------------------------------------------------
     19446       3476        284          4       1756     100028   Object Totals
         0          0         32          0          0          0   (incl. Generated)
        12          0          0          3         21          0   (incl. Padding)

    ----------------------------------------------------------------------

      Code (inc. data)   RO Data    RW Data    ZI Data      Debug   Library Member Name

         8          0          0          0          0         68   __main.o
         0          0          0          0          0          0   __rtentry.o
        12          0          0          0          0          0   __rtentry2.o
         6          0          0          0          0          0   __rtentry4.o
        86         10          0          0          0          0   __scatter.o
        26          0          0          0          0          0   __scatter_copy.o
        28          0          0          0          0          0   __scatter_zi.o
      1006          4          0          0          0        184   aeabi_sdivfast.o
        16          0          0          0          0         68   exit.o
         6          0          0          0          0        136   heapauxi.o
         0          0          0          0          0          0   indicate_semi.o
         2          0          0          0          0          0   libinit.o
         2          0          0          0          0          0   libinit2.o
         2          0          0          0          0          0   libshutdown.o
         2          0          0          0          0          0   libshutdown2.o
         8          4          0          0         96         68   libspace.o
         2          0          0          0          0          0   rtexit.o
        10          0          0          0          0          0   rtexit2.o
        12          4          0          0          0         60   sys_exit.o
        62          0          0          0          0         80   sys_stackheap_outer.o
         2          0          0          0          0         68   use_no_semi.o
       124          4          0          0          0         72   d2f.o
      1096         26        128          0          0        112   ddiv.o
       108         10          0          0          0         72   dfixi.o
        88          0          0          0          0         92   dflti.o
       584         26          0          0          0         84   dmul.o
        84          4          0          0          0         60   f2d.o
       348          8          0          0          0        160   faddsub.o
       352         10         64          0          0         92   fdiv.o
        76          0          0          0          0         68   ffixi.o
        94          0          0          0          0         92   fflti.o
       176          4          0          0          0         80   fmul.o
         0          0          0          0          0          0   usenofp.o

    ----------------------------------------------------------------------
      4438        114        192          0         96       1716   Library Totals
        10          0          0          0          0          0   (incl. Padding)

    ----------------------------------------------------------------------

      Code (inc. data)   RO Data    RW Data    ZI Data      Debug   Library Name

      1298         22          0          0         96        732   c_p.l
      3130         92        192          0          0        984   fz_ps.l

    ----------------------------------------------------------------------
      4438        114        192          0         96       1716   Library Totals

    ----------------------------------------------------------------------

==============================================================================


      Code (inc. data)   RO Data    RW Data    ZI Data      Debug   

     23884       3590        476          4       1852     100884   Grand Totals
     23884       3590        476          4       1852     100884   ELF Image Totals
     23884       3590        476          4          0          0   ROM Totals

==============================================================================

    Total RO  Size (Code + RO Data)                24360 (  23.79kB)
    Total RW  Size (RW Data + ZI Data)              1856 (   1.81kB)
    Total ROM Size (Code + RO Data + RW Data)      24364 (  23.79kB)

==============================================================================

