<!doctype html public "-//w3c//dtd html 4.0 transitional//en">
<html><head>
<title>Static Call Graph - [.\Objects\GPIO_Toggle.axf]</title></head>
<body><HR>
<H1>Static Call Graph for image .\Objects\GPIO_Toggle.axf</H1><HR>
<BR><P>#&#060CALLGRAPH&#062# ARM Linker, 6220000: Last Updated: Mon Nov  3 17:33:22 2025
<BR><P>
<H3>Maximum Stack Usage =        224 bytes + Unknown(Functions without stacksize, Cycles, Untraceable Function Pointers)</H3><H3>
Call chain for Maximum Stack Depth:</H3>
__rt_entry_main &rArr; main &rArr; Print_Display &rArr; totalnumber &rArr; WritenDataVk1621
<P>
<H3>
Functions with no stack information
</H3><UL>
 <LI><a href="#[39]">__user_initial_stackheap</a>
</UL>
</UL>
<P>
<H3>
Mutually Recursive functions
</H3> <LI><a href="#[8]">EINTA_IRQHandler</a>&nbsp;&nbsp;&nbsp;&rArr;&nbsp;&nbsp;&nbsp;<a href="#[8]">EINTA_IRQHandler</a><BR>
</UL>
<P>
<H3>
Function Pointers
</H3><UL>
 <LI><a href="#[14]">ADC_IRQHandler</a> from apm32f00x_int.o(.text.ADC_IRQHandler) referenced from startup_apm32f00x.o(RESET)
 <LI><a href="#[8]">EINTA_IRQHandler</a> from startup_apm32f00x.o(.text) referenced from startup_apm32f00x.o(RESET)
 <LI><a href="#[9]">EINTB_IRQHandler</a> from startup_apm32f00x.o(.text) referenced from startup_apm32f00x.o(RESET)
 <LI><a href="#[a]">EINTC_IRQHandler</a> from apm32f00x_int.o(.text.EINTC_IRQHandler) referenced from startup_apm32f00x.o(RESET)
 <LI><a href="#[b]">EINTD_IRQHandler</a> from startup_apm32f00x.o(.text) referenced from startup_apm32f00x.o(RESET)
 <LI><a href="#[16]">FLASH_IRQHandler</a> from startup_apm32f00x.o(.text) referenced from startup_apm32f00x.o(RESET)
 <LI><a href="#[2]">HardFault_Handler</a> from apm32f00x_int.o(.text.HardFault_Handler) referenced from startup_apm32f00x.o(RESET)
 <LI><a href="#[13]">IIC_IRQHandler</a> from startup_apm32f00x.o(.text) referenced from startup_apm32f00x.o(RESET)
 <LI><a href="#[1]">NMI_Handler</a> from apm32f00x_int.o(.text.NMI_Handler) referenced from startup_apm32f00x.o(RESET)
 <LI><a href="#[4]">PendSV_Handler</a> from apm32f00x_int.o(.text.PendSV_Handler) referenced from startup_apm32f00x.o(RESET)
 <LI><a href="#[7]">RCM_IRQHandler</a> from startup_apm32f00x.o(.text) referenced from startup_apm32f00x.o(RESET)
 <LI><a href="#[0]">Reset_Handler</a> from startup_apm32f00x.o(.text) referenced from startup_apm32f00x.o(RESET)
 <LI><a href="#[c]">SPI_IRQHandler</a> from startup_apm32f00x.o(.text) referenced from startup_apm32f00x.o(RESET)
 <LI><a href="#[3]">SVC_Handler</a> from apm32f00x_int.o(.text.SVC_Handler) referenced from startup_apm32f00x.o(RESET)
 <LI><a href="#[5]">SysTick_Handler</a> from apm32f00x_int.o(.text.SysTick_Handler) referenced from startup_apm32f00x.o(RESET)
 <LI><a href="#[1d]">SystemInit</a> from system_apm32f00x.o(.text.SystemInit) referenced from startup_apm32f00x.o(.text)
 <LI><a href="#[1c]">TMR1A_CC_IRQHandler</a> from startup_apm32f00x.o(.text) referenced from startup_apm32f00x.o(RESET)
 <LI><a href="#[1b]">TMR1A_UT_IRQHandler</a> from startup_apm32f00x.o(.text) referenced from startup_apm32f00x.o(RESET)
 <LI><a href="#[e]">TMR1_CC_IRQHandler</a> from startup_apm32f00x.o(.text) referenced from startup_apm32f00x.o(RESET)
 <LI><a href="#[d]">TMR1_UT_IRQHandler</a> from startup_apm32f00x.o(.text) referenced from startup_apm32f00x.o(RESET)
 <LI><a href="#[10]">TMR2_CC_IRQHandler</a> from startup_apm32f00x.o(.text) referenced from startup_apm32f00x.o(RESET)
 <LI><a href="#[f]">TMR2_UO_IRQHandler</a> from startup_apm32f00x.o(.text) referenced from startup_apm32f00x.o(RESET)
 <LI><a href="#[15]">TMR4_IRQHandler</a> from apm32f00x_int.o(.text.TMR4_IRQHandler) referenced from startup_apm32f00x.o(RESET)
 <LI><a href="#[12]">USART1_RX_IRQHandler</a> from startup_apm32f00x.o(.text) referenced from startup_apm32f00x.o(RESET)
 <LI><a href="#[11]">USART1_TX_IRQHandler</a> from startup_apm32f00x.o(.text) referenced from startup_apm32f00x.o(RESET)
 <LI><a href="#[1a]">USART2_RX_IRQHandler</a> from startup_apm32f00x.o(.text) referenced from startup_apm32f00x.o(RESET)
 <LI><a href="#[19]">USART2_TX_IRQHandler</a> from startup_apm32f00x.o(.text) referenced from startup_apm32f00x.o(RESET)
 <LI><a href="#[18]">USART3_RX_IRQHandler</a> from startup_apm32f00x.o(.text) referenced from startup_apm32f00x.o(RESET)
 <LI><a href="#[17]">USART3_TX_IRQHandler</a> from startup_apm32f00x.o(.text) referenced from startup_apm32f00x.o(RESET)
 <LI><a href="#[6]">WUPT_IRQHandler</a> from startup_apm32f00x.o(.text) referenced from startup_apm32f00x.o(RESET)
 <LI><a href="#[1e]">__main</a> from __main.o(!!!main) referenced from startup_apm32f00x.o(.text)
</UL>
<P>
<H3>
Global Symbols
</H3>
<P><STRONG><a name="[1e]"></a>__main</STRONG> (Thumb, 8 bytes, Stack size 0 bytes, __main.o(!!!main))
<BR><BR>[Calls]<UL><LI><a href="#[1f]">&gt;&gt;</a>&nbsp;&nbsp;&nbsp;__scatterload
<LI><a href="#[20]">&gt;&gt;</a>&nbsp;&nbsp;&nbsp;__rt_entry
</UL>
<BR>[Address Reference Count : 1]<UL><LI> startup_apm32f00x.o(.text)
</UL>
<P><STRONG><a name="[1f]"></a>__scatterload</STRONG> (Thumb, 0 bytes, Stack size unknown bytes, __scatter.o(!!!scatter))
<BR><BR>[Called By]<UL><LI><a href="#[1e]">&gt;&gt;</a>&nbsp;&nbsp;&nbsp;__main
</UL>

<P><STRONG><a name="[21]"></a>__scatterload_rt2</STRONG> (Thumb, 74 bytes, Stack size unknown bytes, __scatter.o(!!!scatter), UNUSED)
<BR><BR>[Calls]<UL><LI><a href="#[20]">&gt;&gt;</a>&nbsp;&nbsp;&nbsp;__rt_entry
</UL>

<P><STRONG><a name="[75]"></a>__scatterload_rt2_thumb_only</STRONG> (Thumb, 0 bytes, Stack size unknown bytes, __scatter.o(!!!scatter), UNUSED)

<P><STRONG><a name="[76]"></a>__scatterload_loop</STRONG> (Thumb, 0 bytes, Stack size unknown bytes, __scatter.o(!!!scatter), UNUSED)

<P><STRONG><a name="[22]"></a>__scatterload_copy</STRONG> (Thumb, 26 bytes, Stack size unknown bytes, __scatter_copy.o(!!handler_copy), UNUSED)
<BR><BR>[Calls]<UL><LI><a href="#[22]">&gt;&gt;</a>&nbsp;&nbsp;&nbsp;__scatterload_copy
</UL>
<BR>[Called By]<UL><LI><a href="#[22]">&gt;&gt;</a>&nbsp;&nbsp;&nbsp;__scatterload_copy
</UL>

<P><STRONG><a name="[77]"></a>__scatterload_null</STRONG> (Thumb, 2 bytes, Stack size unknown bytes, __scatter.o(!!handler_null), UNUSED)

<P><STRONG><a name="[78]"></a>__scatterload_zeroinit</STRONG> (Thumb, 28 bytes, Stack size unknown bytes, __scatter_zi.o(!!handler_zi), UNUSED)

<P><STRONG><a name="[26]"></a>__rt_lib_init</STRONG> (Thumb, 0 bytes, Stack size unknown bytes, libinit.o(.ARM.Collect$$libinit$$00000000))
<BR><BR>[Called By]<UL><LI><a href="#[25]">&gt;&gt;</a>&nbsp;&nbsp;&nbsp;__rt_entry_li
</UL>

<P><STRONG><a name="[79]"></a>__rt_lib_init_alloca_1</STRONG> (Thumb, 0 bytes, Stack size unknown bytes, libinit2.o(.ARM.Collect$$libinit$$00000030))

<P><STRONG><a name="[7a]"></a>__rt_lib_init_argv_1</STRONG> (Thumb, 0 bytes, Stack size unknown bytes, libinit2.o(.ARM.Collect$$libinit$$0000002E))

<P><STRONG><a name="[7b]"></a>__rt_lib_init_atexit_1</STRONG> (Thumb, 0 bytes, Stack size unknown bytes, libinit2.o(.ARM.Collect$$libinit$$0000001D))

<P><STRONG><a name="[7c]"></a>__rt_lib_init_clock_1</STRONG> (Thumb, 0 bytes, Stack size unknown bytes, libinit2.o(.ARM.Collect$$libinit$$00000023))

<P><STRONG><a name="[7d]"></a>__rt_lib_init_cpp_1</STRONG> (Thumb, 0 bytes, Stack size unknown bytes, libinit2.o(.ARM.Collect$$libinit$$00000034))

<P><STRONG><a name="[7e]"></a>__rt_lib_init_exceptions_1</STRONG> (Thumb, 0 bytes, Stack size unknown bytes, libinit2.o(.ARM.Collect$$libinit$$00000032))

<P><STRONG><a name="[7f]"></a>__rt_lib_init_fp_1</STRONG> (Thumb, 0 bytes, Stack size unknown bytes, libinit2.o(.ARM.Collect$$libinit$$00000002))

<P><STRONG><a name="[80]"></a>__rt_lib_init_fp_trap_1</STRONG> (Thumb, 0 bytes, Stack size unknown bytes, libinit2.o(.ARM.Collect$$libinit$$00000021))

<P><STRONG><a name="[81]"></a>__rt_lib_init_getenv_1</STRONG> (Thumb, 0 bytes, Stack size unknown bytes, libinit2.o(.ARM.Collect$$libinit$$00000025))

<P><STRONG><a name="[82]"></a>__rt_lib_init_heap_1</STRONG> (Thumb, 0 bytes, Stack size unknown bytes, libinit2.o(.ARM.Collect$$libinit$$0000000C))

<P><STRONG><a name="[83]"></a>__rt_lib_init_lc_collate_1</STRONG> (Thumb, 0 bytes, Stack size unknown bytes, libinit2.o(.ARM.Collect$$libinit$$00000013))

<P><STRONG><a name="[84]"></a>__rt_lib_init_lc_ctype_1</STRONG> (Thumb, 0 bytes, Stack size unknown bytes, libinit2.o(.ARM.Collect$$libinit$$00000015))

<P><STRONG><a name="[85]"></a>__rt_lib_init_lc_monetary_1</STRONG> (Thumb, 0 bytes, Stack size unknown bytes, libinit2.o(.ARM.Collect$$libinit$$00000017))

<P><STRONG><a name="[86]"></a>__rt_lib_init_lc_numeric_1</STRONG> (Thumb, 0 bytes, Stack size unknown bytes, libinit2.o(.ARM.Collect$$libinit$$00000019))

<P><STRONG><a name="[87]"></a>__rt_lib_init_lc_time_1</STRONG> (Thumb, 0 bytes, Stack size unknown bytes, libinit2.o(.ARM.Collect$$libinit$$0000001B))

<P><STRONG><a name="[88]"></a>__rt_lib_init_preinit_1</STRONG> (Thumb, 0 bytes, Stack size unknown bytes, libinit2.o(.ARM.Collect$$libinit$$00000006))

<P><STRONG><a name="[89]"></a>__rt_lib_init_rand_1</STRONG> (Thumb, 0 bytes, Stack size unknown bytes, libinit2.o(.ARM.Collect$$libinit$$00000010))

<P><STRONG><a name="[8a]"></a>__rt_lib_init_relocate_pie_1</STRONG> (Thumb, 0 bytes, Stack size unknown bytes, libinit2.o(.ARM.Collect$$libinit$$00000004))

<P><STRONG><a name="[8b]"></a>__rt_lib_init_return</STRONG> (Thumb, 0 bytes, Stack size unknown bytes, libinit2.o(.ARM.Collect$$libinit$$00000035))

<P><STRONG><a name="[8c]"></a>__rt_lib_init_signal_1</STRONG> (Thumb, 0 bytes, Stack size unknown bytes, libinit2.o(.ARM.Collect$$libinit$$0000001F))

<P><STRONG><a name="[8d]"></a>__rt_lib_init_stdio_1</STRONG> (Thumb, 0 bytes, Stack size unknown bytes, libinit2.o(.ARM.Collect$$libinit$$00000027))

<P><STRONG><a name="[8e]"></a>__rt_lib_init_user_alloc_1</STRONG> (Thumb, 0 bytes, Stack size unknown bytes, libinit2.o(.ARM.Collect$$libinit$$0000000E))

<P><STRONG><a name="[2b]"></a>__rt_lib_shutdown</STRONG> (Thumb, 0 bytes, Stack size unknown bytes, libshutdown.o(.ARM.Collect$$libshutdown$$00000000))
<BR><BR>[Called By]<UL><LI><a href="#[2a]">&gt;&gt;</a>&nbsp;&nbsp;&nbsp;__rt_exit_ls
</UL>

<P><STRONG><a name="[8f]"></a>__rt_lib_shutdown_cpp_1</STRONG> (Thumb, 0 bytes, Stack size unknown bytes, libshutdown2.o(.ARM.Collect$$libshutdown$$00000002))

<P><STRONG><a name="[90]"></a>__rt_lib_shutdown_fp_trap_1</STRONG> (Thumb, 0 bytes, Stack size unknown bytes, libshutdown2.o(.ARM.Collect$$libshutdown$$00000007))

<P><STRONG><a name="[91]"></a>__rt_lib_shutdown_heap_1</STRONG> (Thumb, 0 bytes, Stack size unknown bytes, libshutdown2.o(.ARM.Collect$$libshutdown$$0000000F))

<P><STRONG><a name="[92]"></a>__rt_lib_shutdown_return</STRONG> (Thumb, 0 bytes, Stack size unknown bytes, libshutdown2.o(.ARM.Collect$$libshutdown$$00000010))

<P><STRONG><a name="[93]"></a>__rt_lib_shutdown_signal_1</STRONG> (Thumb, 0 bytes, Stack size unknown bytes, libshutdown2.o(.ARM.Collect$$libshutdown$$0000000A))

<P><STRONG><a name="[94]"></a>__rt_lib_shutdown_stdio_1</STRONG> (Thumb, 0 bytes, Stack size unknown bytes, libshutdown2.o(.ARM.Collect$$libshutdown$$00000004))

<P><STRONG><a name="[95]"></a>__rt_lib_shutdown_user_alloc_1</STRONG> (Thumb, 0 bytes, Stack size unknown bytes, libshutdown2.o(.ARM.Collect$$libshutdown$$0000000C))

<P><STRONG><a name="[20]"></a>__rt_entry</STRONG> (Thumb, 0 bytes, Stack size unknown bytes, __rtentry.o(.ARM.Collect$$rtentry$$00000000))
<BR><BR>[Called By]<UL><LI><a href="#[1e]">&gt;&gt;</a>&nbsp;&nbsp;&nbsp;__main
<LI><a href="#[21]">&gt;&gt;</a>&nbsp;&nbsp;&nbsp;__scatterload_rt2
</UL>

<P><STRONG><a name="[96]"></a>__rt_entry_presh_1</STRONG> (Thumb, 0 bytes, Stack size unknown bytes, __rtentry2.o(.ARM.Collect$$rtentry$$00000002))

<P><STRONG><a name="[23]"></a>__rt_entry_sh</STRONG> (Thumb, 0 bytes, Stack size unknown bytes, __rtentry4.o(.ARM.Collect$$rtentry$$00000004))
<BR><BR>[Stack]<UL><LI>Max Depth = 8 + Unknown Stack Size
<LI>Call Chain = __rt_entry_sh &rArr; __user_setup_stackheap
</UL>
<BR>[Calls]<UL><LI><a href="#[24]">&gt;&gt;</a>&nbsp;&nbsp;&nbsp;__user_setup_stackheap
</UL>

<P><STRONG><a name="[25]"></a>__rt_entry_li</STRONG> (Thumb, 0 bytes, Stack size unknown bytes, __rtentry2.o(.ARM.Collect$$rtentry$$0000000A))
<BR><BR>[Calls]<UL><LI><a href="#[26]">&gt;&gt;</a>&nbsp;&nbsp;&nbsp;__rt_lib_init
</UL>

<P><STRONG><a name="[97]"></a>__rt_entry_postsh_1</STRONG> (Thumb, 0 bytes, Stack size unknown bytes, __rtentry2.o(.ARM.Collect$$rtentry$$00000009))

<P><STRONG><a name="[27]"></a>__rt_entry_main</STRONG> (Thumb, 0 bytes, Stack size unknown bytes, __rtentry2.o(.ARM.Collect$$rtentry$$0000000D))
<BR><BR>[Stack]<UL><LI>Max Depth = 224 + Unknown Stack Size
<LI>Call Chain = __rt_entry_main &rArr; main &rArr; Print_Display &rArr; totalnumber &rArr; WritenDataVk1621
</UL>
<BR>[Calls]<UL><LI><a href="#[28]">&gt;&gt;</a>&nbsp;&nbsp;&nbsp;main
<LI><a href="#[29]">&gt;&gt;</a>&nbsp;&nbsp;&nbsp;exit
</UL>

<P><STRONG><a name="[98]"></a>__rt_entry_postli_1</STRONG> (Thumb, 0 bytes, Stack size unknown bytes, __rtentry2.o(.ARM.Collect$$rtentry$$0000000C))

<P><STRONG><a name="[3b]"></a>__rt_exit</STRONG> (Thumb, 0 bytes, Stack size unknown bytes, rtexit.o(.ARM.Collect$$rtexit$$00000000))
<BR><BR>[Called By]<UL><LI><a href="#[29]">&gt;&gt;</a>&nbsp;&nbsp;&nbsp;exit
</UL>

<P><STRONG><a name="[2a]"></a>__rt_exit_ls</STRONG> (Thumb, 0 bytes, Stack size unknown bytes, rtexit2.o(.ARM.Collect$$rtexit$$00000003))
<BR><BR>[Calls]<UL><LI><a href="#[2b]">&gt;&gt;</a>&nbsp;&nbsp;&nbsp;__rt_lib_shutdown
</UL>

<P><STRONG><a name="[99]"></a>__rt_exit_prels_1</STRONG> (Thumb, 0 bytes, Stack size unknown bytes, rtexit2.o(.ARM.Collect$$rtexit$$00000002))

<P><STRONG><a name="[2c]"></a>__rt_exit_exit</STRONG> (Thumb, 0 bytes, Stack size unknown bytes, rtexit2.o(.ARM.Collect$$rtexit$$00000004))
<BR><BR>[Calls]<UL><LI><a href="#[2d]">&gt;&gt;</a>&nbsp;&nbsp;&nbsp;_sys_exit
</UL>

<P><STRONG><a name="[0]"></a>Reset_Handler</STRONG> (Thumb, 14 bytes, Stack size 0 bytes, startup_apm32f00x.o(.text))
<BR>[Address Reference Count : 1]<UL><LI> startup_apm32f00x.o(RESET)
</UL>
<P><STRONG><a name="[8]"></a>EINTA_IRQHandler</STRONG> (Thumb, 0 bytes, Stack size 0 bytes, startup_apm32f00x.o(.text))
<BR><BR>[Calls]<UL><LI><a href="#[8]">&gt;&gt;</a>&nbsp;&nbsp;&nbsp;EINTA_IRQHandler
</UL>
<BR>[Called By]<UL><LI><a href="#[8]">&gt;&gt;</a>&nbsp;&nbsp;&nbsp;EINTA_IRQHandler
</UL>
<BR>[Address Reference Count : 1]<UL><LI> startup_apm32f00x.o(RESET)
</UL>
<P><STRONG><a name="[9]"></a>EINTB_IRQHandler</STRONG> (Thumb, 0 bytes, Stack size 0 bytes, startup_apm32f00x.o(.text))
<BR>[Address Reference Count : 1]<UL><LI> startup_apm32f00x.o(RESET)
</UL>
<P><STRONG><a name="[b]"></a>EINTD_IRQHandler</STRONG> (Thumb, 0 bytes, Stack size 0 bytes, startup_apm32f00x.o(.text))
<BR>[Address Reference Count : 1]<UL><LI> startup_apm32f00x.o(RESET)
</UL>
<P><STRONG><a name="[16]"></a>FLASH_IRQHandler</STRONG> (Thumb, 0 bytes, Stack size 0 bytes, startup_apm32f00x.o(.text))
<BR>[Address Reference Count : 1]<UL><LI> startup_apm32f00x.o(RESET)
</UL>
<P><STRONG><a name="[13]"></a>IIC_IRQHandler</STRONG> (Thumb, 0 bytes, Stack size 0 bytes, startup_apm32f00x.o(.text))
<BR>[Address Reference Count : 1]<UL><LI> startup_apm32f00x.o(RESET)
</UL>
<P><STRONG><a name="[7]"></a>RCM_IRQHandler</STRONG> (Thumb, 0 bytes, Stack size 0 bytes, startup_apm32f00x.o(.text))
<BR>[Address Reference Count : 1]<UL><LI> startup_apm32f00x.o(RESET)
</UL>
<P><STRONG><a name="[c]"></a>SPI_IRQHandler</STRONG> (Thumb, 0 bytes, Stack size 0 bytes, startup_apm32f00x.o(.text))
<BR>[Address Reference Count : 1]<UL><LI> startup_apm32f00x.o(RESET)
</UL>
<P><STRONG><a name="[1c]"></a>TMR1A_CC_IRQHandler</STRONG> (Thumb, 0 bytes, Stack size 0 bytes, startup_apm32f00x.o(.text))
<BR>[Address Reference Count : 1]<UL><LI> startup_apm32f00x.o(RESET)
</UL>
<P><STRONG><a name="[1b]"></a>TMR1A_UT_IRQHandler</STRONG> (Thumb, 0 bytes, Stack size 0 bytes, startup_apm32f00x.o(.text))
<BR>[Address Reference Count : 1]<UL><LI> startup_apm32f00x.o(RESET)
</UL>
<P><STRONG><a name="[e]"></a>TMR1_CC_IRQHandler</STRONG> (Thumb, 0 bytes, Stack size 0 bytes, startup_apm32f00x.o(.text))
<BR>[Address Reference Count : 1]<UL><LI> startup_apm32f00x.o(RESET)
</UL>
<P><STRONG><a name="[d]"></a>TMR1_UT_IRQHandler</STRONG> (Thumb, 0 bytes, Stack size 0 bytes, startup_apm32f00x.o(.text))
<BR>[Address Reference Count : 1]<UL><LI> startup_apm32f00x.o(RESET)
</UL>
<P><STRONG><a name="[10]"></a>TMR2_CC_IRQHandler</STRONG> (Thumb, 0 bytes, Stack size 0 bytes, startup_apm32f00x.o(.text))
<BR>[Address Reference Count : 1]<UL><LI> startup_apm32f00x.o(RESET)
</UL>
<P><STRONG><a name="[f]"></a>TMR2_UO_IRQHandler</STRONG> (Thumb, 0 bytes, Stack size 0 bytes, startup_apm32f00x.o(.text))
<BR>[Address Reference Count : 1]<UL><LI> startup_apm32f00x.o(RESET)
</UL>
<P><STRONG><a name="[12]"></a>USART1_RX_IRQHandler</STRONG> (Thumb, 0 bytes, Stack size 0 bytes, startup_apm32f00x.o(.text))
<BR>[Address Reference Count : 1]<UL><LI> startup_apm32f00x.o(RESET)
</UL>
<P><STRONG><a name="[11]"></a>USART1_TX_IRQHandler</STRONG> (Thumb, 0 bytes, Stack size 0 bytes, startup_apm32f00x.o(.text))
<BR>[Address Reference Count : 1]<UL><LI> startup_apm32f00x.o(RESET)
</UL>
<P><STRONG><a name="[1a]"></a>USART2_RX_IRQHandler</STRONG> (Thumb, 0 bytes, Stack size 0 bytes, startup_apm32f00x.o(.text))
<BR>[Address Reference Count : 1]<UL><LI> startup_apm32f00x.o(RESET)
</UL>
<P><STRONG><a name="[19]"></a>USART2_TX_IRQHandler</STRONG> (Thumb, 0 bytes, Stack size 0 bytes, startup_apm32f00x.o(.text))
<BR>[Address Reference Count : 1]<UL><LI> startup_apm32f00x.o(RESET)
</UL>
<P><STRONG><a name="[18]"></a>USART3_RX_IRQHandler</STRONG> (Thumb, 0 bytes, Stack size 0 bytes, startup_apm32f00x.o(.text))
<BR>[Address Reference Count : 1]<UL><LI> startup_apm32f00x.o(RESET)
</UL>
<P><STRONG><a name="[17]"></a>USART3_TX_IRQHandler</STRONG> (Thumb, 0 bytes, Stack size 0 bytes, startup_apm32f00x.o(.text))
<BR>[Address Reference Count : 1]<UL><LI> startup_apm32f00x.o(RESET)
</UL>
<P><STRONG><a name="[6]"></a>WUPT_IRQHandler</STRONG> (Thumb, 0 bytes, Stack size 0 bytes, startup_apm32f00x.o(.text))
<BR>[Address Reference Count : 1]<UL><LI> startup_apm32f00x.o(RESET)
</UL>
<P><STRONG><a name="[39]"></a>__user_initial_stackheap</STRONG> (Thumb, 0 bytes, Stack size unknown bytes, startup_apm32f00x.o(.text))
<BR><BR>[Called By]<UL><LI><a href="#[24]">&gt;&gt;</a>&nbsp;&nbsp;&nbsp;__user_setup_stackheap
</UL>

<P><STRONG><a name="[70]"></a>__aeabi_uidivmod</STRONG> (Thumb, 28 bytes, Stack size 0 bytes, aeabi_sdivfast.o(.text))
<BR><BR>[Called By]<UL><LI><a href="#[28]">&gt;&gt;</a>&nbsp;&nbsp;&nbsp;main
</UL>

<P><STRONG><a name="[9a]"></a>__aeabi_idivmod</STRONG> (Thumb, 472 bytes, Stack size 8 bytes, aeabi_sdivfast.o(.text), UNUSED)

<P><STRONG><a name="[9b]"></a>__use_two_region_memory</STRONG> (Thumb, 2 bytes, Stack size 0 bytes, heapauxi.o(.text), UNUSED)

<P><STRONG><a name="[9c]"></a>__rt_heap_escrow$2region</STRONG> (Thumb, 2 bytes, Stack size 0 bytes, heapauxi.o(.text), UNUSED)

<P><STRONG><a name="[9d]"></a>__rt_heap_expand$2region</STRONG> (Thumb, 2 bytes, Stack size 0 bytes, heapauxi.o(.text), UNUSED)

<P><STRONG><a name="[6f]"></a>__aeabi_d2f</STRONG> (Thumb, 0 bytes, Stack size 12 bytes, d2f.o(.text))
<BR><BR>[Stack]<UL><LI>Max Depth = 12<LI>Call Chain = __aeabi_d2f
</UL>
<BR>[Called By]<UL><LI><a href="#[28]">&gt;&gt;</a>&nbsp;&nbsp;&nbsp;main
</UL>

<P><STRONG><a name="[9e]"></a>__truncdfsf2</STRONG> (Thumb, 0 bytes, Stack size 12 bytes, d2f.o(.text), UNUSED)

<P><STRONG><a name="[9f]"></a>_d2f</STRONG> (Thumb, 120 bytes, Stack size 12 bytes, d2f.o(.text), UNUSED)

<P><STRONG><a name="[50]"></a>__aeabi_ddiv</STRONG> (Thumb, 0 bytes, Stack size 64 bytes, ddiv.o(.text))
<BR><BR>[Stack]<UL><LI>Max Depth = 64<LI>Call Chain = __aeabi_ddiv
</UL>
<BR>[Called By]<UL><LI><a href="#[48]">&gt;&gt;</a>&nbsp;&nbsp;&nbsp;Flow_Pulse
</UL>

<P><STRONG><a name="[a0]"></a>__divdf3</STRONG> (Thumb, 0 bytes, Stack size 64 bytes, ddiv.o(.text), UNUSED)

<P><STRONG><a name="[2f]"></a>_ddiv</STRONG> (Thumb, 1072 bytes, Stack size 64 bytes, ddiv.o(.text), UNUSED)
<BR><BR>[Called By]<UL><LI><a href="#[2e]">&gt;&gt;</a>&nbsp;&nbsp;&nbsp;_drdiv
</UL>

<P><STRONG><a name="[2e]"></a>_drdiv</STRONG> (Thumb, 20 bytes, Stack size 16 bytes, ddiv.o(.text), UNUSED)
<BR><BR>[Calls]<UL><LI><a href="#[2f]">&gt;&gt;</a>&nbsp;&nbsp;&nbsp;_ddiv
</UL>

<P><STRONG><a name="[51]"></a>__aeabi_d2iz</STRONG> (Thumb, 0 bytes, Stack size 12 bytes, dfixi.o(.text))
<BR><BR>[Stack]<UL><LI>Max Depth = 12<LI>Call Chain = __aeabi_d2iz
</UL>
<BR>[Called By]<UL><LI><a href="#[48]">&gt;&gt;</a>&nbsp;&nbsp;&nbsp;Flow_Pulse
</UL>

<P><STRONG><a name="[a1]"></a>_dfix</STRONG> (Thumb, 98 bytes, Stack size 12 bytes, dfixi.o(.text), UNUSED)

<P><STRONG><a name="[31]"></a>__aeabi_i2d_normalise</STRONG> (Thumb, 66 bytes, Stack size 0 bytes, dflti.o(.text))
<BR><BR>[Called By]<UL><LI><a href="#[32]">&gt;&gt;</a>&nbsp;&nbsp;&nbsp;__aeabi_ui2d
<LI><a href="#[30]">&gt;&gt;</a>&nbsp;&nbsp;&nbsp;__aeabi_i2d
</UL>

<P><STRONG><a name="[30]"></a>__aeabi_i2d</STRONG> (Thumb, 16 bytes, Stack size 0 bytes, dflti.o(.text))
<BR><BR>[Calls]<UL><LI><a href="#[31]">&gt;&gt;</a>&nbsp;&nbsp;&nbsp;__aeabi_i2d_normalise
</UL>
<BR>[Called By]<UL><LI><a href="#[28]">&gt;&gt;</a>&nbsp;&nbsp;&nbsp;main
</UL>

<P><STRONG><a name="[a2]"></a>_dflt</STRONG> (Thumb, 0 bytes, Stack size 0 bytes, dflti.o(.text), UNUSED)

<P><STRONG><a name="[32]"></a>__aeabi_ui2d</STRONG> (Thumb, 6 bytes, Stack size 0 bytes, dflti.o(.text), UNUSED)
<BR><BR>[Calls]<UL><LI><a href="#[31]">&gt;&gt;</a>&nbsp;&nbsp;&nbsp;__aeabi_i2d_normalise
</UL>

<P><STRONG><a name="[a3]"></a>_dfltu</STRONG> (Thumb, 0 bytes, Stack size 0 bytes, dflti.o(.text), UNUSED)

<P><STRONG><a name="[6e]"></a>__aeabi_dmul</STRONG> (Thumb, 0 bytes, Stack size 56 bytes, dmul.o(.text))
<BR><BR>[Stack]<UL><LI>Max Depth = 56<LI>Call Chain = __aeabi_dmul
</UL>
<BR>[Called By]<UL><LI><a href="#[28]">&gt;&gt;</a>&nbsp;&nbsp;&nbsp;main
</UL>

<P><STRONG><a name="[a4]"></a>__muldf3</STRONG> (Thumb, 0 bytes, Stack size 56 bytes, dmul.o(.text), UNUSED)

<P><STRONG><a name="[a5]"></a>_dmul</STRONG> (Thumb, 558 bytes, Stack size 56 bytes, dmul.o(.text), UNUSED)

<P><STRONG><a name="[4f]"></a>__aeabi_f2d</STRONG> (Thumb, 0 bytes, Stack size 0 bytes, f2d.o(.text))
<BR><BR>[Called By]<UL><LI><a href="#[48]">&gt;&gt;</a>&nbsp;&nbsp;&nbsp;Flow_Pulse
</UL>

<P><STRONG><a name="[a6]"></a>__extendsfdf2</STRONG> (Thumb, 0 bytes, Stack size 0 bytes, f2d.o(.text), UNUSED)

<P><STRONG><a name="[a7]"></a>_f2d</STRONG> (Thumb, 80 bytes, Stack size 0 bytes, f2d.o(.text), UNUSED)

<P><STRONG><a name="[55]"></a>__aeabi_fdiv</STRONG> (Thumb, 0 bytes, Stack size 20 bytes, fdiv.o(.text))
<BR><BR>[Stack]<UL><LI>Max Depth = 20<LI>Call Chain = __aeabi_fdiv
</UL>
<BR>[Called By]<UL><LI><a href="#[48]">&gt;&gt;</a>&nbsp;&nbsp;&nbsp;Flow_Pulse
</UL>

<P><STRONG><a name="[a8]"></a>__divsf3</STRONG> (Thumb, 0 bytes, Stack size 20 bytes, fdiv.o(.text), UNUSED)

<P><STRONG><a name="[34]"></a>_fdiv</STRONG> (Thumb, 334 bytes, Stack size 20 bytes, fdiv.o(.text), UNUSED)
<BR><BR>[Called By]<UL><LI><a href="#[33]">&gt;&gt;</a>&nbsp;&nbsp;&nbsp;_frdiv
</UL>

<P><STRONG><a name="[33]"></a>_frdiv</STRONG> (Thumb, 8 bytes, Stack size 0 bytes, fdiv.o(.text), UNUSED)
<BR><BR>[Calls]<UL><LI><a href="#[34]">&gt;&gt;</a>&nbsp;&nbsp;&nbsp;_fdiv
</UL>

<P><STRONG><a name="[53]"></a>__aeabi_f2iz</STRONG> (Thumb, 0 bytes, Stack size 8 bytes, ffixi.o(.text))
<BR><BR>[Stack]<UL><LI>Max Depth = 8<LI>Call Chain = __aeabi_f2iz
</UL>
<BR>[Called By]<UL><LI><a href="#[28]">&gt;&gt;</a>&nbsp;&nbsp;&nbsp;main
<LI><a href="#[48]">&gt;&gt;</a>&nbsp;&nbsp;&nbsp;Flow_Pulse
</UL>

<P><STRONG><a name="[a9]"></a>_ffix</STRONG> (Thumb, 76 bytes, Stack size 8 bytes, ffixi.o(.text), UNUSED)

<P><STRONG><a name="[36]"></a>__aeabi_i2f_normalise</STRONG> (Thumb, 72 bytes, Stack size 0 bytes, fflti.o(.text))
<BR><BR>[Called By]<UL><LI><a href="#[37]">&gt;&gt;</a>&nbsp;&nbsp;&nbsp;__aeabi_ui2f
<LI><a href="#[35]">&gt;&gt;</a>&nbsp;&nbsp;&nbsp;__aeabi_i2f
</UL>

<P><STRONG><a name="[35]"></a>__aeabi_i2f</STRONG> (Thumb, 16 bytes, Stack size 0 bytes, fflti.o(.text), UNUSED)
<BR><BR>[Calls]<UL><LI><a href="#[36]">&gt;&gt;</a>&nbsp;&nbsp;&nbsp;__aeabi_i2f_normalise
</UL>

<P><STRONG><a name="[aa]"></a>_fflt</STRONG> (Thumb, 0 bytes, Stack size 0 bytes, fflti.o(.text), UNUSED)

<P><STRONG><a name="[37]"></a>__aeabi_ui2f</STRONG> (Thumb, 6 bytes, Stack size 0 bytes, fflti.o(.text))
<BR><BR>[Calls]<UL><LI><a href="#[36]">&gt;&gt;</a>&nbsp;&nbsp;&nbsp;__aeabi_i2f_normalise
</UL>
<BR>[Called By]<UL><LI><a href="#[48]">&gt;&gt;</a>&nbsp;&nbsp;&nbsp;Flow_Pulse
</UL>

<P><STRONG><a name="[ab]"></a>_ffltu</STRONG> (Thumb, 0 bytes, Stack size 0 bytes, fflti.o(.text), UNUSED)

<P><STRONG><a name="[24]"></a>__user_setup_stackheap</STRONG> (Thumb, 62 bytes, Stack size 8 bytes, sys_stackheap_outer.o(.text))
<BR><BR>[Stack]<UL><LI>Max Depth = 8 + Unknown Stack Size
<LI>Call Chain = __user_setup_stackheap
</UL>
<BR>[Calls]<UL><LI><a href="#[39]">&gt;&gt;</a>&nbsp;&nbsp;&nbsp;__user_initial_stackheap
<LI><a href="#[38]">&gt;&gt;</a>&nbsp;&nbsp;&nbsp;__user_perproc_libspace
</UL>
<BR>[Called By]<UL><LI><a href="#[23]">&gt;&gt;</a>&nbsp;&nbsp;&nbsp;__rt_entry_sh
</UL>

<P><STRONG><a name="[29]"></a>exit</STRONG> (Thumb, 16 bytes, Stack size 8 bytes, exit.o(.text))
<BR><BR>[Stack]<UL><LI>Max Depth = 8 + Unknown Stack Size
<LI>Call Chain = exit
</UL>
<BR>[Calls]<UL><LI><a href="#[3b]">&gt;&gt;</a>&nbsp;&nbsp;&nbsp;__rt_exit
<LI><a href="#[3a]">&gt;&gt;</a>&nbsp;&nbsp;&nbsp;_call_atexit_fns (Weak Reference)
</UL>
<BR>[Called By]<UL><LI><a href="#[27]">&gt;&gt;</a>&nbsp;&nbsp;&nbsp;__rt_entry_main
</UL>

<P><STRONG><a name="[ac]"></a>__user_libspace</STRONG> (Thumb, 8 bytes, Stack size 0 bytes, libspace.o(.text), UNUSED)

<P><STRONG><a name="[38]"></a>__user_perproc_libspace</STRONG> (Thumb, 0 bytes, Stack size 0 bytes, libspace.o(.text))
<BR><BR>[Called By]<UL><LI><a href="#[24]">&gt;&gt;</a>&nbsp;&nbsp;&nbsp;__user_setup_stackheap
</UL>

<P><STRONG><a name="[ad]"></a>__user_perthread_libspace</STRONG> (Thumb, 0 bytes, Stack size 0 bytes, libspace.o(.text), UNUSED)

<P><STRONG><a name="[2d]"></a>_sys_exit</STRONG> (Thumb, 8 bytes, Stack size 0 bytes, sys_exit.o(.text))
<BR><BR>[Called By]<UL><LI><a href="#[2c]">&gt;&gt;</a>&nbsp;&nbsp;&nbsp;__rt_exit_exit
</UL>

<P><STRONG><a name="[ae]"></a>__I$use$semihosting</STRONG> (Thumb, 0 bytes, Stack size 0 bytes, use_no_semi.o(.text), UNUSED)

<P><STRONG><a name="[af]"></a>__use_no_semihosting_swi</STRONG> (Thumb, 2 bytes, Stack size 0 bytes, use_no_semi.o(.text), UNUSED)

<P><STRONG><a name="[3c]"></a>ADCCalibration</STRONG> (Thumb, 84 bytes, Stack size 16 bytes, main.o(.text.ADCCalibration))
<BR><BR>[Stack]<UL><LI>Max Depth = 16<LI>Call Chain = ADCCalibration
</UL>
<BR>[Calls]<UL><LI><a href="#[3d]">&gt;&gt;</a>&nbsp;&nbsp;&nbsp;ADC_SetOffset
<LI><a href="#[45]">&gt;&gt;</a>&nbsp;&nbsp;&nbsp;ADC_DisableCompensation
<LI><a href="#[3e]">&gt;&gt;</a>&nbsp;&nbsp;&nbsp;ADC_EnableCompensation
<LI><a href="#[3f]">&gt;&gt;</a>&nbsp;&nbsp;&nbsp;ADC_ClearStatusFlag
<LI><a href="#[42]">&gt;&gt;</a>&nbsp;&nbsp;&nbsp;ADC_ReadStatusFlag
<LI><a href="#[44]">&gt;&gt;</a>&nbsp;&nbsp;&nbsp;ADC_ReadData
<LI><a href="#[41]">&gt;&gt;</a>&nbsp;&nbsp;&nbsp;ADC_StartConversion
<LI><a href="#[43]">&gt;&gt;</a>&nbsp;&nbsp;&nbsp;ADC_Disable
<LI><a href="#[40]">&gt;&gt;</a>&nbsp;&nbsp;&nbsp;ADC_Enable
</UL>
<BR>[Called By]<UL><LI><a href="#[28]">&gt;&gt;</a>&nbsp;&nbsp;&nbsp;main
</UL>

<P><STRONG><a name="[b0]"></a>__semihosting_library_function</STRONG> (Thumb, 0 bytes, Stack size 16 bytes, indicate_semi.o(.text), UNUSED)

<P><STRONG><a name="[46]"></a>ADCMeasure</STRONG> (Thumb, 140 bytes, Stack size 8 bytes, main.o(.text.ADCMeasure))
<BR><BR>[Stack]<UL><LI>Max Depth = 8<LI>Call Chain = ADCMeasure
</UL>
<BR>[Calls]<UL><LI><a href="#[3f]">&gt;&gt;</a>&nbsp;&nbsp;&nbsp;ADC_ClearStatusFlag
<LI><a href="#[42]">&gt;&gt;</a>&nbsp;&nbsp;&nbsp;ADC_ReadStatusFlag
<LI><a href="#[44]">&gt;&gt;</a>&nbsp;&nbsp;&nbsp;ADC_ReadData
<LI><a href="#[47]">&gt;&gt;</a>&nbsp;&nbsp;&nbsp;__aeabi_uidiv
</UL>
<BR>[Called By]<UL><LI><a href="#[28]">&gt;&gt;</a>&nbsp;&nbsp;&nbsp;main
</UL>

<P><STRONG><a name="[3f]"></a>ADC_ClearStatusFlag</STRONG> (Thumb, 32 bytes, Stack size 0 bytes, apm32f00x_adc.o(.text.ADC_ClearStatusFlag))
<BR><BR>[Called By]<UL><LI><a href="#[46]">&gt;&gt;</a>&nbsp;&nbsp;&nbsp;ADCMeasure
<LI><a href="#[3c]">&gt;&gt;</a>&nbsp;&nbsp;&nbsp;ADCCalibration
<LI><a href="#[5d]">&gt;&gt;</a>&nbsp;&nbsp;&nbsp;TMR4Isr
</UL>

<P><STRONG><a name="[6d]"></a>ADC_Config</STRONG> (Thumb, 176 bytes, Stack size 20 bytes, apm32f00x_adc.o(.text.ADC_Config))
<BR><BR>[Stack]<UL><LI>Max Depth = 20<LI>Call Chain = ADC_Config
</UL>
<BR>[Called By]<UL><LI><a href="#[28]">&gt;&gt;</a>&nbsp;&nbsp;&nbsp;main
</UL>

<P><STRONG><a name="[6c]"></a>ADC_ConfigStructInit</STRONG> (Thumb, 16 bytes, Stack size 0 bytes, apm32f00x_adc.o(.text.ADC_ConfigStructInit))
<BR><BR>[Called By]<UL><LI><a href="#[28]">&gt;&gt;</a>&nbsp;&nbsp;&nbsp;main
</UL>

<P><STRONG><a name="[43]"></a>ADC_Disable</STRONG> (Thumb, 12 bytes, Stack size 0 bytes, apm32f00x_adc.o(.text.ADC_Disable))
<BR><BR>[Called By]<UL><LI><a href="#[3c]">&gt;&gt;</a>&nbsp;&nbsp;&nbsp;ADCCalibration
</UL>

<P><STRONG><a name="[45]"></a>ADC_DisableCompensation</STRONG> (Thumb, 12 bytes, Stack size 0 bytes, apm32f00x_adc.o(.text.ADC_DisableCompensation))
<BR><BR>[Called By]<UL><LI><a href="#[3c]">&gt;&gt;</a>&nbsp;&nbsp;&nbsp;ADCCalibration
</UL>

<P><STRONG><a name="[40]"></a>ADC_Enable</STRONG> (Thumb, 12 bytes, Stack size 0 bytes, apm32f00x_adc.o(.text.ADC_Enable))
<BR><BR>[Called By]<UL><LI><a href="#[3c]">&gt;&gt;</a>&nbsp;&nbsp;&nbsp;ADCCalibration
<LI><a href="#[28]">&gt;&gt;</a>&nbsp;&nbsp;&nbsp;main
</UL>

<P><STRONG><a name="[3e]"></a>ADC_EnableCompensation</STRONG> (Thumb, 12 bytes, Stack size 0 bytes, apm32f00x_adc.o(.text.ADC_EnableCompensation))
<BR><BR>[Called By]<UL><LI><a href="#[3c]">&gt;&gt;</a>&nbsp;&nbsp;&nbsp;ADCCalibration
</UL>

<P><STRONG><a name="[14]"></a>ADC_IRQHandler</STRONG> (Thumb, 2 bytes, Stack size 0 bytes, apm32f00x_int.o(.text.ADC_IRQHandler))
<BR>[Address Reference Count : 1]<UL><LI> startup_apm32f00x.o(RESET)
</UL>
<P><STRONG><a name="[44]"></a>ADC_ReadData</STRONG> (Thumb, 48 bytes, Stack size 0 bytes, apm32f00x_adc.o(.text.ADC_ReadData))
<BR><BR>[Called By]<UL><LI><a href="#[46]">&gt;&gt;</a>&nbsp;&nbsp;&nbsp;ADCMeasure
<LI><a href="#[3c]">&gt;&gt;</a>&nbsp;&nbsp;&nbsp;ADCCalibration
</UL>

<P><STRONG><a name="[42]"></a>ADC_ReadStatusFlag</STRONG> (Thumb, 20 bytes, Stack size 0 bytes, apm32f00x_adc.o(.text.ADC_ReadStatusFlag))
<BR><BR>[Called By]<UL><LI><a href="#[46]">&gt;&gt;</a>&nbsp;&nbsp;&nbsp;ADCMeasure
<LI><a href="#[3c]">&gt;&gt;</a>&nbsp;&nbsp;&nbsp;ADCCalibration
</UL>

<P><STRONG><a name="[6b]"></a>ADC_SetMode</STRONG> (Thumb, 20 bytes, Stack size 0 bytes, apm32f00x_adc.o(.text.ADC_SetMode))
<BR><BR>[Called By]<UL><LI><a href="#[28]">&gt;&gt;</a>&nbsp;&nbsp;&nbsp;main
</UL>

<P><STRONG><a name="[3d]"></a>ADC_SetOffset</STRONG> (Thumb, 12 bytes, Stack size 0 bytes, apm32f00x_adc.o(.text.ADC_SetOffset))
<BR><BR>[Called By]<UL><LI><a href="#[3c]">&gt;&gt;</a>&nbsp;&nbsp;&nbsp;ADCCalibration
</UL>

<P><STRONG><a name="[41]"></a>ADC_StartConversion</STRONG> (Thumb, 12 bytes, Stack size 0 bytes, apm32f00x_adc.o(.text.ADC_StartConversion))
<BR><BR>[Called By]<UL><LI><a href="#[3c]">&gt;&gt;</a>&nbsp;&nbsp;&nbsp;ADCCalibration
<LI><a href="#[28]">&gt;&gt;</a>&nbsp;&nbsp;&nbsp;main
</UL>

<P><STRONG><a name="[a]"></a>EINTC_IRQHandler</STRONG> (Thumb, 16 bytes, Stack size 8 bytes, apm32f00x_int.o(.text.EINTC_IRQHandler))
<BR><BR>[Stack]<UL><LI>Max Depth = 168<LI>Call Chain = EINTC_IRQHandler &rArr; Flow_Pulse &rArr; __aeabi_ddiv
</UL>
<BR>[Calls]<UL><LI><a href="#[48]">&gt;&gt;</a>&nbsp;&nbsp;&nbsp;Flow_Pulse
</UL>
<BR>[Address Reference Count : 1]<UL><LI> startup_apm32f00x.o(RESET)
</UL>
<P><STRONG><a name="[56]"></a>EINT_ClearIntFlag</STRONG> (Thumb, 12 bytes, Stack size 0 bytes, apm32f00x_eint.o(.text.EINT_ClearIntFlag))
<BR><BR>[Called By]<UL><LI><a href="#[28]">&gt;&gt;</a>&nbsp;&nbsp;&nbsp;main
<LI><a href="#[48]">&gt;&gt;</a>&nbsp;&nbsp;&nbsp;Flow_Pulse
<LI><a href="#[5d]">&gt;&gt;</a>&nbsp;&nbsp;&nbsp;TMR4Isr
</UL>

<P><STRONG><a name="[6a]"></a>EINT_Config</STRONG> (Thumb, 100 bytes, Stack size 0 bytes, apm32f00x_eint.o(.text.EINT_Config))
<BR><BR>[Called By]<UL><LI><a href="#[28]">&gt;&gt;</a>&nbsp;&nbsp;&nbsp;main
</UL>

<P><STRONG><a name="[4b]"></a>FMC_ErasePage</STRONG> (Thumb, 140 bytes, Stack size 16 bytes, apm32f00x_fmc.o(.text.FMC_ErasePage))
<BR><BR>[Stack]<UL><LI>Max Depth = 16<LI>Call Chain = FMC_ErasePage
</UL>
<BR>[Called By]<UL><LI><a href="#[49]">&gt;&gt;</a>&nbsp;&nbsp;&nbsp;Flash_Write2
</UL>

<P><STRONG><a name="[4d]"></a>FMC_Lock</STRONG> (Thumb, 12 bytes, Stack size 0 bytes, apm32f00x_fmc.o(.text.FMC_Lock))
<BR><BR>[Called By]<UL><LI><a href="#[49]">&gt;&gt;</a>&nbsp;&nbsp;&nbsp;Flash_Write2
</UL>

<P><STRONG><a name="[4c]"></a>FMC_ProgramWord</STRONG> (Thumb, 204 bytes, Stack size 24 bytes, apm32f00x_fmc.o(.text.FMC_ProgramWord))
<BR><BR>[Stack]<UL><LI>Max Depth = 24<LI>Call Chain = FMC_ProgramWord
</UL>
<BR>[Called By]<UL><LI><a href="#[49]">&gt;&gt;</a>&nbsp;&nbsp;&nbsp;Flash_Write2
</UL>

<P><STRONG><a name="[4a]"></a>FMC_Unlock</STRONG> (Thumb, 12 bytes, Stack size 0 bytes, apm32f00x_fmc.o(.text.FMC_Unlock))
<BR><BR>[Called By]<UL><LI><a href="#[49]">&gt;&gt;</a>&nbsp;&nbsp;&nbsp;Flash_Write2
</UL>

<P><STRONG><a name="[49]"></a>Flash_Write2</STRONG> (Thumb, 124 bytes, Stack size 8 bytes, main.o(.text.Flash_Write2))
<BR><BR>[Stack]<UL><LI>Max Depth = 32<LI>Call Chain = Flash_Write2 &rArr; FMC_ProgramWord
</UL>
<BR>[Calls]<UL><LI><a href="#[4c]">&gt;&gt;</a>&nbsp;&nbsp;&nbsp;FMC_ProgramWord
<LI><a href="#[4b]">&gt;&gt;</a>&nbsp;&nbsp;&nbsp;FMC_ErasePage
<LI><a href="#[4d]">&gt;&gt;</a>&nbsp;&nbsp;&nbsp;FMC_Lock
<LI><a href="#[4a]">&gt;&gt;</a>&nbsp;&nbsp;&nbsp;FMC_Unlock
</UL>
<BR>[Called By]<UL><LI><a href="#[28]">&gt;&gt;</a>&nbsp;&nbsp;&nbsp;main
<LI><a href="#[48]">&gt;&gt;</a>&nbsp;&nbsp;&nbsp;Flow_Pulse
</UL>

<P><STRONG><a name="[48]"></a>Flow_Pulse</STRONG> (Thumb, 1308 bytes, Stack size 96 bytes, main.o(.text.Flow_Pulse))
<BR><BR>[Stack]<UL><LI>Max Depth = 160<LI>Call Chain = Flow_Pulse &rArr; __aeabi_ddiv
</UL>
<BR>[Calls]<UL><LI><a href="#[56]">&gt;&gt;</a>&nbsp;&nbsp;&nbsp;EINT_ClearIntFlag
<LI><a href="#[37]">&gt;&gt;</a>&nbsp;&nbsp;&nbsp;__aeabi_ui2f
<LI><a href="#[53]">&gt;&gt;</a>&nbsp;&nbsp;&nbsp;__aeabi_f2iz
<LI><a href="#[55]">&gt;&gt;</a>&nbsp;&nbsp;&nbsp;__aeabi_fdiv
<LI><a href="#[4e]">&gt;&gt;</a>&nbsp;&nbsp;&nbsp;__aeabi_fadd
<LI><a href="#[4f]">&gt;&gt;</a>&nbsp;&nbsp;&nbsp;__aeabi_f2d
<LI><a href="#[51]">&gt;&gt;</a>&nbsp;&nbsp;&nbsp;__aeabi_d2iz
<LI><a href="#[50]">&gt;&gt;</a>&nbsp;&nbsp;&nbsp;__aeabi_ddiv
<LI><a href="#[52]">&gt;&gt;</a>&nbsp;&nbsp;&nbsp;__aeabi_idiv
<LI><a href="#[49]">&gt;&gt;</a>&nbsp;&nbsp;&nbsp;Flash_Write2
<LI><a href="#[54]">&gt;&gt;</a>&nbsp;&nbsp;&nbsp;__aeabi_fmul
</UL>
<BR>[Called By]<UL><LI><a href="#[a]">&gt;&gt;</a>&nbsp;&nbsp;&nbsp;EINTC_IRQHandler
</UL>

<P><STRONG><a name="[5a]"></a>GPIO_ClearBit</STRONG> (Thumb, 8 bytes, Stack size 0 bytes, apm32f00x_gpio.o(.text.GPIO_ClearBit))
<BR><BR>[Called By]<UL><LI><a href="#[64]">&gt;&gt;</a>&nbsp;&nbsp;&nbsp;WriteCommandVk1621
<LI><a href="#[57]">&gt;&gt;</a>&nbsp;&nbsp;&nbsp;Print_Display
<LI><a href="#[59]">&gt;&gt;</a>&nbsp;&nbsp;&nbsp;WritenDataVk1621
<LI><a href="#[28]">&gt;&gt;</a>&nbsp;&nbsp;&nbsp;main
<LI><a href="#[5d]">&gt;&gt;</a>&nbsp;&nbsp;&nbsp;TMR4Isr
</UL>

<P><STRONG><a name="[69]"></a>GPIO_Config</STRONG> (Thumb, 116 bytes, Stack size 36 bytes, apm32f00x_gpio.o(.text.GPIO_Config))
<BR><BR>[Stack]<UL><LI>Max Depth = 36<LI>Call Chain = GPIO_Config
</UL>
<BR>[Called By]<UL><LI><a href="#[28]">&gt;&gt;</a>&nbsp;&nbsp;&nbsp;main
</UL>

<P><STRONG><a name="[61]"></a>GPIO_ReadInputBit</STRONG> (Thumb, 10 bytes, Stack size 0 bytes, apm32f00x_gpio.o(.text.GPIO_ReadInputBit))
<BR><BR>[Called By]<UL><LI><a href="#[28]">&gt;&gt;</a>&nbsp;&nbsp;&nbsp;main
<LI><a href="#[5d]">&gt;&gt;</a>&nbsp;&nbsp;&nbsp;TMR4Isr
</UL>

<P><STRONG><a name="[5b]"></a>GPIO_SetBit</STRONG> (Thumb, 8 bytes, Stack size 0 bytes, apm32f00x_gpio.o(.text.GPIO_SetBit))
<BR><BR>[Called By]<UL><LI><a href="#[64]">&gt;&gt;</a>&nbsp;&nbsp;&nbsp;WriteCommandVk1621
<LI><a href="#[57]">&gt;&gt;</a>&nbsp;&nbsp;&nbsp;Print_Display
<LI><a href="#[59]">&gt;&gt;</a>&nbsp;&nbsp;&nbsp;WritenDataVk1621
<LI><a href="#[63]">&gt;&gt;</a>&nbsp;&nbsp;&nbsp;Vk1621_Init
<LI><a href="#[28]">&gt;&gt;</a>&nbsp;&nbsp;&nbsp;main
<LI><a href="#[5d]">&gt;&gt;</a>&nbsp;&nbsp;&nbsp;TMR4Isr
</UL>

<P><STRONG><a name="[2]"></a>HardFault_Handler</STRONG> (Thumb, 2 bytes, Stack size 0 bytes, apm32f00x_int.o(.text.HardFault_Handler))
<BR>[Address Reference Count : 1]<UL><LI> startup_apm32f00x.o(RESET)
</UL>
<P><STRONG><a name="[1]"></a>NMI_Handler</STRONG> (Thumb, 2 bytes, Stack size 0 bytes, apm32f00x_int.o(.text.NMI_Handler))
<BR>[Address Reference Count : 1]<UL><LI> startup_apm32f00x.o(RESET)
</UL>
<P><STRONG><a name="[60]"></a>NVIC_DisableIRQRequest</STRONG> (Thumb, 28 bytes, Stack size 0 bytes, apm32f00x_misc.o(.text.NVIC_DisableIRQRequest))
<BR><BR>[Called By]<UL><LI><a href="#[28]">&gt;&gt;</a>&nbsp;&nbsp;&nbsp;main
<LI><a href="#[5d]">&gt;&gt;</a>&nbsp;&nbsp;&nbsp;TMR4Isr
</UL>

<P><STRONG><a name="[62]"></a>NVIC_EnableIRQRequest</STRONG> (Thumb, 68 bytes, Stack size 8 bytes, apm32f00x_misc.o(.text.NVIC_EnableIRQRequest))
<BR><BR>[Stack]<UL><LI>Max Depth = 8<LI>Call Chain = NVIC_EnableIRQRequest
</UL>
<BR>[Called By]<UL><LI><a href="#[28]">&gt;&gt;</a>&nbsp;&nbsp;&nbsp;main
<LI><a href="#[5d]">&gt;&gt;</a>&nbsp;&nbsp;&nbsp;TMR4Isr
</UL>

<P><STRONG><a name="[4]"></a>PendSV_Handler</STRONG> (Thumb, 2 bytes, Stack size 0 bytes, apm32f00x_int.o(.text.PendSV_Handler))
<BR>[Address Reference Count : 1]<UL><LI> startup_apm32f00x.o(RESET)
</UL>
<P><STRONG><a name="[57]"></a>Print_Display</STRONG> (Thumb, 1312 bytes, Stack size 24 bytes, main.o(.text.Print_Display))
<BR><BR>[Stack]<UL><LI>Max Depth = 80<LI>Call Chain = Print_Display &rArr; totalnumber &rArr; WritenDataVk1621
</UL>
<BR>[Calls]<UL><LI><a href="#[5a]">&gt;&gt;</a>&nbsp;&nbsp;&nbsp;GPIO_ClearBit
<LI><a href="#[5b]">&gt;&gt;</a>&nbsp;&nbsp;&nbsp;GPIO_SetBit
<LI><a href="#[58]">&gt;&gt;</a>&nbsp;&nbsp;&nbsp;totalnumber
<LI><a href="#[59]">&gt;&gt;</a>&nbsp;&nbsp;&nbsp;WritenDataVk1621
</UL>
<BR>[Called By]<UL><LI><a href="#[28]">&gt;&gt;</a>&nbsp;&nbsp;&nbsp;main
</UL>

<P><STRONG><a name="[65]"></a>RCM_ConfigHIRCDiv</STRONG> (Thumb, 32 bytes, Stack size 0 bytes, apm32f00x_rcm.o(.text.RCM_ConfigHIRCDiv))
<BR><BR>[Called By]<UL><LI><a href="#[28]">&gt;&gt;</a>&nbsp;&nbsp;&nbsp;main
</UL>

<P><STRONG><a name="[3]"></a>SVC_Handler</STRONG> (Thumb, 2 bytes, Stack size 0 bytes, apm32f00x_int.o(.text.SVC_Handler))
<BR>[Address Reference Count : 1]<UL><LI> startup_apm32f00x.o(RESET)
</UL>
<P><STRONG><a name="[5c]"></a>Screen_Water_Filling</STRONG> (Thumb, 80 bytes, Stack size 16 bytes, main.o(.text.Screen_Water_Filling))
<BR><BR>[Stack]<UL><LI>Max Depth = 56<LI>Call Chain = Screen_Water_Filling &rArr; WritenDataVk1621
</UL>
<BR>[Calls]<UL><LI><a href="#[59]">&gt;&gt;</a>&nbsp;&nbsp;&nbsp;WritenDataVk1621
</UL>
<BR>[Called By]<UL><LI><a href="#[28]">&gt;&gt;</a>&nbsp;&nbsp;&nbsp;main
</UL>

<P><STRONG><a name="[5]"></a>SysTick_Handler</STRONG> (Thumb, 2 bytes, Stack size 0 bytes, apm32f00x_int.o(.text.SysTick_Handler))
<BR>[Address Reference Count : 1]<UL><LI> startup_apm32f00x.o(RESET)
</UL>
<P><STRONG><a name="[1d]"></a>SystemInit</STRONG> (Thumb, 108 bytes, Stack size 16 bytes, system_apm32f00x.o(.text.SystemInit))
<BR><BR>[Stack]<UL><LI>Max Depth = 16<LI>Call Chain = SystemInit
</UL>
<BR>[Address Reference Count : 1]<UL><LI> startup_apm32f00x.o(.text)
</UL>
<P><STRONG><a name="[5d]"></a>TMR4Isr</STRONG> (Thumb, 1356 bytes, Stack size 32 bytes, main.o(.text.TMR4Isr))
<BR><BR>[Stack]<UL><LI>Max Depth = 40<LI>Call Chain = TMR4Isr &rArr; NVIC_EnableIRQRequest
</UL>
<BR>[Calls]<UL><LI><a href="#[60]">&gt;&gt;</a>&nbsp;&nbsp;&nbsp;NVIC_DisableIRQRequest
<LI><a href="#[62]">&gt;&gt;</a>&nbsp;&nbsp;&nbsp;NVIC_EnableIRQRequest
<LI><a href="#[3f]">&gt;&gt;</a>&nbsp;&nbsp;&nbsp;ADC_ClearStatusFlag
<LI><a href="#[56]">&gt;&gt;</a>&nbsp;&nbsp;&nbsp;EINT_ClearIntFlag
<LI><a href="#[61]">&gt;&gt;</a>&nbsp;&nbsp;&nbsp;GPIO_ReadInputBit
<LI><a href="#[5a]">&gt;&gt;</a>&nbsp;&nbsp;&nbsp;GPIO_ClearBit
<LI><a href="#[5b]">&gt;&gt;</a>&nbsp;&nbsp;&nbsp;GPIO_SetBit
<LI><a href="#[5f]">&gt;&gt;</a>&nbsp;&nbsp;&nbsp;TMR4_ClearIntFlag
<LI><a href="#[5e]">&gt;&gt;</a>&nbsp;&nbsp;&nbsp;TMR4_ReadIntFlag
</UL>
<BR>[Called By]<UL><LI><a href="#[15]">&gt;&gt;</a>&nbsp;&nbsp;&nbsp;TMR4_IRQHandler
</UL>

<P><STRONG><a name="[5f]"></a>TMR4_ClearIntFlag</STRONG> (Thumb, 12 bytes, Stack size 0 bytes, apm32f00x_tmr4.o(.text.TMR4_ClearIntFlag))
<BR><BR>[Called By]<UL><LI><a href="#[5d]">&gt;&gt;</a>&nbsp;&nbsp;&nbsp;TMR4Isr
</UL>

<P><STRONG><a name="[66]"></a>TMR4_ConfigTimerBase</STRONG> (Thumb, 8 bytes, Stack size 0 bytes, apm32f00x_tmr4.o(.text.TMR4_ConfigTimerBase))
<BR><BR>[Called By]<UL><LI><a href="#[28]">&gt;&gt;</a>&nbsp;&nbsp;&nbsp;main
</UL>

<P><STRONG><a name="[68]"></a>TMR4_Enable</STRONG> (Thumb, 12 bytes, Stack size 0 bytes, apm32f00x_tmr4.o(.text.TMR4_Enable))
<BR><BR>[Called By]<UL><LI><a href="#[28]">&gt;&gt;</a>&nbsp;&nbsp;&nbsp;main
</UL>

<P><STRONG><a name="[67]"></a>TMR4_EnableInterrupt</STRONG> (Thumb, 12 bytes, Stack size 0 bytes, apm32f00x_tmr4.o(.text.TMR4_EnableInterrupt))
<BR><BR>[Called By]<UL><LI><a href="#[28]">&gt;&gt;</a>&nbsp;&nbsp;&nbsp;main
</UL>

<P><STRONG><a name="[15]"></a>TMR4_IRQHandler</STRONG> (Thumb, 8 bytes, Stack size 8 bytes, apm32f00x_int.o(.text.TMR4_IRQHandler))
<BR><BR>[Stack]<UL><LI>Max Depth = 48<LI>Call Chain = TMR4_IRQHandler &rArr; TMR4Isr &rArr; NVIC_EnableIRQRequest
</UL>
<BR>[Calls]<UL><LI><a href="#[5d]">&gt;&gt;</a>&nbsp;&nbsp;&nbsp;TMR4Isr
</UL>
<BR>[Address Reference Count : 1]<UL><LI> startup_apm32f00x.o(RESET)
</UL>
<P><STRONG><a name="[5e]"></a>TMR4_ReadIntFlag</STRONG> (Thumb, 20 bytes, Stack size 0 bytes, apm32f00x_tmr4.o(.text.TMR4_ReadIntFlag))
<BR><BR>[Called By]<UL><LI><a href="#[5d]">&gt;&gt;</a>&nbsp;&nbsp;&nbsp;TMR4Isr
</UL>

<P><STRONG><a name="[63]"></a>Vk1621_Init</STRONG> (Thumb, 132 bytes, Stack size 24 bytes, main.o(.text.Vk1621_Init))
<BR><BR>[Stack]<UL><LI>Max Depth = 48<LI>Call Chain = Vk1621_Init &rArr; WriteCommandVk1621
</UL>
<BR>[Calls]<UL><LI><a href="#[5b]">&gt;&gt;</a>&nbsp;&nbsp;&nbsp;GPIO_SetBit
<LI><a href="#[64]">&gt;&gt;</a>&nbsp;&nbsp;&nbsp;WriteCommandVk1621
</UL>
<BR>[Called By]<UL><LI><a href="#[28]">&gt;&gt;</a>&nbsp;&nbsp;&nbsp;main
</UL>

<P><STRONG><a name="[64]"></a>WriteCommandVk1621</STRONG> (Thumb, 392 bytes, Stack size 24 bytes, main.o(.text.WriteCommandVk1621))
<BR><BR>[Stack]<UL><LI>Max Depth = 24<LI>Call Chain = WriteCommandVk1621
</UL>
<BR>[Calls]<UL><LI><a href="#[5a]">&gt;&gt;</a>&nbsp;&nbsp;&nbsp;GPIO_ClearBit
<LI><a href="#[5b]">&gt;&gt;</a>&nbsp;&nbsp;&nbsp;GPIO_SetBit
</UL>
<BR>[Called By]<UL><LI><a href="#[63]">&gt;&gt;</a>&nbsp;&nbsp;&nbsp;Vk1621_Init
</UL>

<P><STRONG><a name="[59]"></a>WritenDataVk1621</STRONG> (Thumb, 468 bytes, Stack size 40 bytes, main.o(.text.WritenDataVk1621))
<BR><BR>[Stack]<UL><LI>Max Depth = 40<LI>Call Chain = WritenDataVk1621
</UL>
<BR>[Calls]<UL><LI><a href="#[5a]">&gt;&gt;</a>&nbsp;&nbsp;&nbsp;GPIO_ClearBit
<LI><a href="#[5b]">&gt;&gt;</a>&nbsp;&nbsp;&nbsp;GPIO_SetBit
</UL>
<BR>[Called By]<UL><LI><a href="#[5c]">&gt;&gt;</a>&nbsp;&nbsp;&nbsp;Screen_Water_Filling
<LI><a href="#[57]">&gt;&gt;</a>&nbsp;&nbsp;&nbsp;Print_Display
<LI><a href="#[58]">&gt;&gt;</a>&nbsp;&nbsp;&nbsp;totalnumber
<LI><a href="#[28]">&gt;&gt;</a>&nbsp;&nbsp;&nbsp;main
</UL>

<P><STRONG><a name="[28]"></a>main</STRONG> (Thumb, 8372 bytes, Stack size 144 bytes, main.o(.text.main))
<BR><BR>[Stack]<UL><LI>Max Depth = 224<LI>Call Chain = main &rArr; Print_Display &rArr; totalnumber &rArr; WritenDataVk1621
</UL>
<BR>[Calls]<UL><LI><a href="#[65]">&gt;&gt;</a>&nbsp;&nbsp;&nbsp;RCM_ConfigHIRCDiv
<LI><a href="#[60]">&gt;&gt;</a>&nbsp;&nbsp;&nbsp;NVIC_DisableIRQRequest
<LI><a href="#[62]">&gt;&gt;</a>&nbsp;&nbsp;&nbsp;NVIC_EnableIRQRequest
<LI><a href="#[41]">&gt;&gt;</a>&nbsp;&nbsp;&nbsp;ADC_StartConversion
<LI><a href="#[6b]">&gt;&gt;</a>&nbsp;&nbsp;&nbsp;ADC_SetMode
<LI><a href="#[40]">&gt;&gt;</a>&nbsp;&nbsp;&nbsp;ADC_Enable
<LI><a href="#[6c]">&gt;&gt;</a>&nbsp;&nbsp;&nbsp;ADC_ConfigStructInit
<LI><a href="#[6d]">&gt;&gt;</a>&nbsp;&nbsp;&nbsp;ADC_Config
<LI><a href="#[56]">&gt;&gt;</a>&nbsp;&nbsp;&nbsp;EINT_ClearIntFlag
<LI><a href="#[6a]">&gt;&gt;</a>&nbsp;&nbsp;&nbsp;EINT_Config
<LI><a href="#[61]">&gt;&gt;</a>&nbsp;&nbsp;&nbsp;GPIO_ReadInputBit
<LI><a href="#[5a]">&gt;&gt;</a>&nbsp;&nbsp;&nbsp;GPIO_ClearBit
<LI><a href="#[5b]">&gt;&gt;</a>&nbsp;&nbsp;&nbsp;GPIO_SetBit
<LI><a href="#[69]">&gt;&gt;</a>&nbsp;&nbsp;&nbsp;GPIO_Config
<LI><a href="#[53]">&gt;&gt;</a>&nbsp;&nbsp;&nbsp;__aeabi_f2iz
<LI><a href="#[6e]">&gt;&gt;</a>&nbsp;&nbsp;&nbsp;__aeabi_dmul
<LI><a href="#[30]">&gt;&gt;</a>&nbsp;&nbsp;&nbsp;__aeabi_i2d
<LI><a href="#[6f]">&gt;&gt;</a>&nbsp;&nbsp;&nbsp;__aeabi_d2f
<LI><a href="#[52]">&gt;&gt;</a>&nbsp;&nbsp;&nbsp;__aeabi_idiv
<LI><a href="#[70]">&gt;&gt;</a>&nbsp;&nbsp;&nbsp;__aeabi_uidivmod
<LI><a href="#[46]">&gt;&gt;</a>&nbsp;&nbsp;&nbsp;ADCMeasure
<LI><a href="#[5c]">&gt;&gt;</a>&nbsp;&nbsp;&nbsp;Screen_Water_Filling
<LI><a href="#[57]">&gt;&gt;</a>&nbsp;&nbsp;&nbsp;Print_Display
<LI><a href="#[49]">&gt;&gt;</a>&nbsp;&nbsp;&nbsp;Flash_Write2
<LI><a href="#[58]">&gt;&gt;</a>&nbsp;&nbsp;&nbsp;totalnumber
<LI><a href="#[59]">&gt;&gt;</a>&nbsp;&nbsp;&nbsp;WritenDataVk1621
<LI><a href="#[3c]">&gt;&gt;</a>&nbsp;&nbsp;&nbsp;ADCCalibration
<LI><a href="#[63]">&gt;&gt;</a>&nbsp;&nbsp;&nbsp;Vk1621_Init
<LI><a href="#[67]">&gt;&gt;</a>&nbsp;&nbsp;&nbsp;TMR4_EnableInterrupt
<LI><a href="#[68]">&gt;&gt;</a>&nbsp;&nbsp;&nbsp;TMR4_Enable
<LI><a href="#[66]">&gt;&gt;</a>&nbsp;&nbsp;&nbsp;TMR4_ConfigTimerBase
</UL>
<BR>[Called By]<UL><LI><a href="#[27]">&gt;&gt;</a>&nbsp;&nbsp;&nbsp;__rt_entry_main
</UL>

<P><STRONG><a name="[58]"></a>totalnumber</STRONG> (Thumb, 3040 bytes, Stack size 16 bytes, main.o(.text.totalnumber))
<BR><BR>[Stack]<UL><LI>Max Depth = 56<LI>Call Chain = totalnumber &rArr; WritenDataVk1621
</UL>
<BR>[Calls]<UL><LI><a href="#[59]">&gt;&gt;</a>&nbsp;&nbsp;&nbsp;WritenDataVk1621
</UL>
<BR>[Called By]<UL><LI><a href="#[57]">&gt;&gt;</a>&nbsp;&nbsp;&nbsp;Print_Display
<LI><a href="#[28]">&gt;&gt;</a>&nbsp;&nbsp;&nbsp;main
</UL>

<P><STRONG><a name="[47]"></a>__aeabi_uidiv</STRONG> (Thumb, 68 bytes, Stack size 0 bytes, aeabi_sdivfast.o(.text_divfast))
<BR><BR>[Called By]<UL><LI><a href="#[46]">&gt;&gt;</a>&nbsp;&nbsp;&nbsp;ADCMeasure
</UL>

<P><STRONG><a name="[52]"></a>__aeabi_idiv</STRONG> (Thumb, 434 bytes, Stack size 8 bytes, aeabi_sdivfast.o(.text_divfast))
<BR><BR>[Stack]<UL><LI>Max Depth = 8<LI>Call Chain = __aeabi_idiv
</UL>
<BR>[Called By]<UL><LI><a href="#[28]">&gt;&gt;</a>&nbsp;&nbsp;&nbsp;main
<LI><a href="#[48]">&gt;&gt;</a>&nbsp;&nbsp;&nbsp;Flow_Pulse
</UL>

<P><STRONG><a name="[4e]"></a>__aeabi_fadd</STRONG> (Thumb, 0 bytes, Stack size 16 bytes, faddsub.o(x$fpl$fadd))
<BR><BR>[Stack]<UL><LI>Max Depth = 16<LI>Call Chain = __aeabi_fadd
</UL>
<BR>[Called By]<UL><LI><a href="#[48]">&gt;&gt;</a>&nbsp;&nbsp;&nbsp;Flow_Pulse
</UL>

<P><STRONG><a name="[71]"></a>_fadd</STRONG> (Thumb, 134 bytes, Stack size 16 bytes, faddsub.o(x$fpl$fadd), UNUSED)
<BR><BR>[Calls]<UL><LI><a href="#[72]">&gt;&gt;</a>&nbsp;&nbsp;&nbsp;_fsub1
</UL>

<P><STRONG><a name="[54]"></a>__aeabi_fmul</STRONG> (Thumb, 0 bytes, Stack size 16 bytes, fmul.o(x$fpl$fmul))
<BR><BR>[Stack]<UL><LI>Max Depth = 16<LI>Call Chain = __aeabi_fmul
</UL>
<BR>[Called By]<UL><LI><a href="#[48]">&gt;&gt;</a>&nbsp;&nbsp;&nbsp;Flow_Pulse
</UL>

<P><STRONG><a name="[b1]"></a>_fmul</STRONG> (Thumb, 172 bytes, Stack size 16 bytes, fmul.o(x$fpl$fmul), UNUSED)

<P><STRONG><a name="[b2]"></a>__aeabi_fsub</STRONG> (Thumb, 0 bytes, Stack size 16 bytes, faddsub.o(x$fpl$fsub), UNUSED)

<P><STRONG><a name="[73]"></a>_fsub</STRONG> (Thumb, 204 bytes, Stack size 16 bytes, faddsub.o(x$fpl$fsub), UNUSED)
<BR><BR>[Calls]<UL><LI><a href="#[74]">&gt;&gt;</a>&nbsp;&nbsp;&nbsp;_fadd1
</UL>
<P>
<H3>
Local Symbols
</H3>
<P><STRONG><a name="[74]"></a>_fadd1</STRONG> (Thumb, 0 bytes, Stack size unknown bytes, faddsub.o(x$fpl$fadd), UNUSED)
<BR><BR>[Called By]<UL><LI><a href="#[73]">&gt;&gt;</a>&nbsp;&nbsp;&nbsp;_fsub
</UL>

<P><STRONG><a name="[72]"></a>_fsub1</STRONG> (Thumb, 0 bytes, Stack size unknown bytes, faddsub.o(x$fpl$fsub), UNUSED)
<BR><BR>[Called By]<UL><LI><a href="#[71]">&gt;&gt;</a>&nbsp;&nbsp;&nbsp;_fadd
</UL>
<P>
<H3>
Undefined Global Symbols
</H3>
<P><STRONG><a name="[3a]"></a>_call_atexit_fns</STRONG> (ARM, 0 bytes, Stack size 0 bytes, UNDEFINED)
<BR><BR>[Called By]<UL><LI><a href="#[29]">&gt;&gt;</a>&nbsp;&nbsp;&nbsp;exit
</UL>
<HR></body></html>
