<html>
<body>
<pre>
<h1>µVision Build Log</h1>
<h2>Tool Versions:</h2>
IDE-Version: µVision V5.40.0.0
Copyright (C) 2024 ARM Ltd and ARM Germany GmbH. All rights reserved.
License Information: muhammed me, ferves, LIC=P6F5U-SP5QV-UMG9A-1K220-GZ9PS-YYWYF
 
Tool Versions:
Toolchain:       MDK-ARM Professional  Version: 5.40.0.3
Toolchain Path:  C:\Users\MUHAMMED\AppData\Local\Keil_v5\ARM\ARMCLANG\Bin
C Compiler:      ArmClang.exe V6.22
Assembler:       Armasm.exe V6.22
Linker/Locator:  ArmLink.exe V6.22
Library Manager: ArmAr.exe V6.22
Hex Converter:   FromElf.exe V6.22
CPU DLL:         SARMCM3.DLL V5.40.0.3
Dialog DLL:      DARMCM1.DLL V1.19.6.0
Target DLL:      CMSIS_AGDI.dll V1.33.18.0
Dialog DLL:      TARMCM1.DLL V1.14.6.0
 
<h2>Project:</h2>
C:\Users\MUHAMMED\Desktop\Maria\ihlas_son\Examples\GPIO\GPIO_Toggle\Project\MDK\GPIO_Toggle.uvprojx
Project File Date:  10/27/2025

<h2>Output:</h2>
*** Using Compiler 'V6.22', folder: 'C:\Users\MUHAMMED\AppData\Local\Keil_v5\ARM\ARMCLANG\Bin'
Rebuild target 'GPIO_Toggle'
compiling system_apm32f00x.c...
compiling apm32f00x_eint.c...
compiling apm32f00x_buzzer.c...
assembling startup_apm32f00x.s...
compiling apm32f00x_adc.c...
compiling apm32f00x_misc.c...
compiling apm32f00x_gpio.c...
compiling apm32f00x_rcm.c...
compiling apm32f00x_iwdt.c...
compiling apm32f00x_tmr1.c...
compiling apm32f00x_spi.c...
compiling apm32f00x_tmr4.c...
compiling apm32f00x_i2c.c...
compiling apm32f00x_wupt.c...
compiling apm32f00x_usart.c...
compiling apm32f00x_tmr2.c...
compiling apm32f00x_wwdt.c...
compiling apm32f00x_int.c...
compiling apm32f00x_fmc.c...
compiling main.c...
linking...
Program Size: Code=23852 RO-data=476 RW-data=4 ZI-data=1852  
FromELF: creating hex file...
".\Objects\GPIO_Toggle.axf" - 0 Error(s), 0 Warning(s).

<h2>Software Packages used:</h2>

Package Vendor: Geehy
                https://www.geehy.com/uploads/tool/Geehy.APM32F00x_DFP.1.0.5.pack
                Geehy::APM32F00x_DFP@1.0.5
                Geehy Semiconductor APM32F00x Series Device Support, Drivers and Examples

<h2>Collection of Component include folders:</h2>
  C:/Users/MUHAMMED/AppData/Local/Arm/Packs/Geehy/APM32F00x_DFP/1.0.5/Device/Include

<h2>Collection of Component Files used:</h2>
Build Time Elapsed:  00:00:01
</pre>
</body>
</html>
